Archive member included to satisfy reference by file (symbol)

D:/STM32CubeCLT/STM32CubeCLT_1.16.0/GNU-tools-for-STM32/bin/../lib/gcc/arm-none-eabi/12.3.1/thumb/v7e-m/nofp\libgcc.a(_aeabi_uldivmod.o)
                              CMakeFiles/Dual_Board_COM_RX.elf.dir/Drivers/STM32F4xx_HAL_Driver/Src/stm32f4xx_hal_rcc.c.obj (__aeabi_uldivmod)
D:/STM32CubeCLT/STM32CubeCLT_1.16.0/GNU-tools-for-STM32/bin/../lib/gcc/arm-none-eabi/12.3.1/thumb/v7e-m/nofp\libgcc.a(_udivmoddi4.o)
                              D:/STM32CubeCLT/STM32CubeCLT_1.16.0/GNU-tools-for-STM32/bin/../lib/gcc/arm-none-eabi/12.3.1/thumb/v7e-m/nofp\libgcc.a(_aeabi_uldivmod.o) (__udivmoddi4)
D:/STM32CubeCLT/STM32CubeCLT_1.16.0/GNU-tools-for-STM32/bin/../lib/gcc/arm-none-eabi/12.3.1/thumb/v7e-m/nofp\libgcc.a(unwind-arm.o)
                              CMakeFiles/Dual_Board_COM_RX.elf.dir/Core/Src/exti_callback.cpp.obj (__aeabi_unwind_cpp_pr0)
D:/STM32CubeCLT/STM32CubeCLT_1.16.0/GNU-tools-for-STM32/bin/../lib/gcc/arm-none-eabi/12.3.1/thumb/v7e-m/nofp\libgcc.a(libunwind.o)
                              D:/STM32CubeCLT/STM32CubeCLT_1.16.0/GNU-tools-for-STM32/bin/../lib/gcc/arm-none-eabi/12.3.1/thumb/v7e-m/nofp\libgcc.a(unwind-arm.o) (restore_core_regs)
D:/STM32CubeCLT/STM32CubeCLT_1.16.0/GNU-tools-for-STM32/bin/../lib/gcc/arm-none-eabi/12.3.1/thumb/v7e-m/nofp\libgcc.a(pr-support.o)
                              D:/STM32CubeCLT/STM32CubeCLT_1.16.0/GNU-tools-for-STM32/bin/../lib/gcc/arm-none-eabi/12.3.1/thumb/v7e-m/nofp\libgcc.a(unwind-arm.o) (__gnu_unwind_execute)
D:/STM32CubeCLT/STM32CubeCLT_1.16.0/GNU-tools-for-STM32/bin/../lib/gcc/arm-none-eabi/12.3.1/thumb/v7e-m/nofp\libgcc.a(_dvmd_tls.o)
                              D:/STM32CubeCLT/STM32CubeCLT_1.16.0/GNU-tools-for-STM32/bin/../lib/gcc/arm-none-eabi/12.3.1/thumb/v7e-m/nofp\libgcc.a(_aeabi_uldivmod.o) (__aeabi_ldiv0)
D:/STM32CubeCLT/STM32CubeCLT_1.16.0/GNU-tools-for-STM32/bin/../lib/gcc/arm-none-eabi/12.3.1/../../../../arm-none-eabi/lib/thumb/v7e-m/nofp\libg.a(libc_a-abort.o)
                              D:/STM32CubeCLT/STM32CubeCLT_1.16.0/GNU-tools-for-STM32/bin/../lib/gcc/arm-none-eabi/12.3.1/thumb/v7e-m/nofp\libgcc.a(unwind-arm.o) (abort)
D:/STM32CubeCLT/STM32CubeCLT_1.16.0/GNU-tools-for-STM32/bin/../lib/gcc/arm-none-eabi/12.3.1/../../../../arm-none-eabi/lib/thumb/v7e-m/nofp\libg.a(libc_a-exit.o)
                              D:/STM32CubeCLT/STM32CubeCLT_1.16.0/GNU-tools-for-STM32/bin/../lib/gcc/arm-none-eabi/12.3.1/../../../../arm-none-eabi/lib/thumb/v7e-m/nofp/crt0.o (exit)
D:/STM32CubeCLT/STM32CubeCLT_1.16.0/GNU-tools-for-STM32/bin/../lib/gcc/arm-none-eabi/12.3.1/../../../../arm-none-eabi/lib/thumb/v7e-m/nofp\libg.a(libc_a-findfp.o)
                              D:/STM32CubeCLT/STM32CubeCLT_1.16.0/GNU-tools-for-STM32/bin/../lib/gcc/arm-none-eabi/12.3.1/../../../../arm-none-eabi/lib/thumb/v7e-m/nofp\libg.a(libc_a-exit.o) (__stdio_exit_handler)
D:/STM32CubeCLT/STM32CubeCLT_1.16.0/GNU-tools-for-STM32/bin/../lib/gcc/arm-none-eabi/12.3.1/../../../../arm-none-eabi/lib/thumb/v7e-m/nofp\libg.a(libc_a-fwalk.o)
                              D:/STM32CubeCLT/STM32CubeCLT_1.16.0/GNU-tools-for-STM32/bin/../lib/gcc/arm-none-eabi/12.3.1/../../../../arm-none-eabi/lib/thumb/v7e-m/nofp\libg.a(libc_a-findfp.o) (_fwalk_sglue)
D:/STM32CubeCLT/STM32CubeCLT_1.16.0/GNU-tools-for-STM32/bin/../lib/gcc/arm-none-eabi/12.3.1/../../../../arm-none-eabi/lib/thumb/v7e-m/nofp\libg.a(libc_a-stdio.o)
                              D:/STM32CubeCLT/STM32CubeCLT_1.16.0/GNU-tools-for-STM32/bin/../lib/gcc/arm-none-eabi/12.3.1/../../../../arm-none-eabi/lib/thumb/v7e-m/nofp\libg.a(libc_a-findfp.o) (__sread)
D:/STM32CubeCLT/STM32CubeCLT_1.16.0/GNU-tools-for-STM32/bin/../lib/gcc/arm-none-eabi/12.3.1/../../../../arm-none-eabi/lib/thumb/v7e-m/nofp\libg.a(libc_a-memset.o)
                              D:/STM32CubeCLT/STM32CubeCLT_1.16.0/GNU-tools-for-STM32/bin/../lib/gcc/arm-none-eabi/12.3.1/../../../../arm-none-eabi/lib/thumb/v7e-m/nofp/crt0.o (memset)
D:/STM32CubeCLT/STM32CubeCLT_1.16.0/GNU-tools-for-STM32/bin/../lib/gcc/arm-none-eabi/12.3.1/../../../../arm-none-eabi/lib/thumb/v7e-m/nofp\libg.a(libc_a-signal.o)
                              D:/STM32CubeCLT/STM32CubeCLT_1.16.0/GNU-tools-for-STM32/bin/../lib/gcc/arm-none-eabi/12.3.1/../../../../arm-none-eabi/lib/thumb/v7e-m/nofp\libg.a(libc_a-abort.o) (raise)
D:/STM32CubeCLT/STM32CubeCLT_1.16.0/GNU-tools-for-STM32/bin/../lib/gcc/arm-none-eabi/12.3.1/../../../../arm-none-eabi/lib/thumb/v7e-m/nofp\libg.a(libc_a-closer.o)
                              D:/STM32CubeCLT/STM32CubeCLT_1.16.0/GNU-tools-for-STM32/bin/../lib/gcc/arm-none-eabi/12.3.1/../../../../arm-none-eabi/lib/thumb/v7e-m/nofp\libg.a(libc_a-stdio.o) (_close_r)
D:/STM32CubeCLT/STM32CubeCLT_1.16.0/GNU-tools-for-STM32/bin/../lib/gcc/arm-none-eabi/12.3.1/../../../../arm-none-eabi/lib/thumb/v7e-m/nofp\libg.a(libc_a-reent.o)
[...]
Memory Configuration

Name             Origin             Length             Attributes
CCMRAM           0x10000000         0x00010000         xrw
RAM              0x20000000         0x00030000         xrw
FLASH            0x08000000         0x00200000         xr
*default*        0x00000000         0xffffffff

Linker script and memory map

LOAD D:/STM32CubeCLT/STM32CubeCLT_1.16.0/GNU-tools-for-STM32/bin/../lib/gcc/arm-none-eabi/12.3.1/thumb/v7e-m/nofp/crti.o
LOAD D:/STM32CubeCLT/STM32CubeCLT_1.16.0/GNU-tools-for-STM32/bin/../lib/gcc/arm-none-eabi/12.3.1/thumb/v7e-m/nofp/crtbegin.o
LOAD D:/STM32CubeCLT/STM32CubeCLT_1.16.0/GNU-tools-for-STM32/bin/../lib/gcc/arm-none-eabi/12.3.1/../../../../arm-none-eabi/lib/thumb/v7e-m/nofp/crt0.o
LOAD CMakeFiles/Dual_Board_COM_RX.elf.dir/Core/Src/CAN_RX_Callback.cpp.obj
LOAD CMakeFiles/Dual_Board_COM_RX.elf.dir/Core/Src/can.c.obj
LOAD CMakeFiles/Dual_Board_COM_RX.elf.dir/Core/Src/dma.c.obj
LOAD CMakeFiles/Dual_Board_COM_RX.elf.dir/Core/Src/exti_callback.cpp.obj
LOAD CMakeFiles/Dual_Board_COM_RX.elf.dir/Core/Src/gpio.c.obj
LOAD CMakeFiles/Dual_Board_COM_RX.elf.dir/Core/Src/main.c.obj
LOAD CMakeFiles/Dual_Board_COM_RX.elf.dir/Core/Src/stm32f4xx_hal_msp.c.obj
LOAD CMakeFiles/Dual_Board_COM_RX.elf.dir/Core/Src/stm32f4xx_it.c.obj
LOAD CMakeFiles/Dual_Board_COM_RX.elf.dir/Core/Src/syscalls.c.obj
LOAD CMakeFiles/Dual_Board_COM_RX.elf.dir/Core/Src/sysmem.c.obj
LOAD CMakeFiles/Dual_Board_COM_RX.elf.dir/Core/Src/system_stm32f4xx.c.obj
LOAD CMakeFiles/Dual_Board_COM_RX.elf.dir/Core/Src/tim.c.obj
LOAD CMakeFiles/Dual_Board_COM_RX.elf.dir/Core/Src/tim_callback.cpp.obj
LOAD CMakeFiles/Dual_Board_COM_RX.elf.dir/Core/Src/usart.c.obj
LOAD CMakeFiles/Dual_Board_COM_RX.elf.dir/Core/Startup/startup_stm32f427iihx.s.obj
LOAD CMakeFiles/Dual_Board_COM_RX.elf.dir/Drivers/STM32F4xx_HAL_Driver/Src/stm32f4xx_hal.c.obj
LOAD CMakeFiles/Dual_Board_COM_RX.elf.dir/Drivers/STM32F4xx_HAL_Driver/Src/stm32f4xx_hal_can.c.obj
LOAD CMakeFiles/Dual_Board_COM_RX.elf.dir/Drivers/STM32F4xx_HAL_Driver/Src/stm32f4xx_hal_cortex.c.obj
LOAD CMakeFiles/Dual_Board_COM_RX.elf.dir/Drivers/STM32F4xx_HAL_Driver/Src/stm32f4xx_hal_dma.c.obj
LOAD CMakeFiles/Dual_Board_COM_RX.elf.dir/Drivers/STM32F4xx_HAL_Driver/Src/stm32f4xx_hal_dma_ex.c.obj
LOAD CMakeFiles/Dual_Board_COM_RX.elf.dir/Drivers/STM32F4xx_HAL_Driver/Src/stm32f4xx_hal_exti.c.obj
LOAD CMakeFiles/Dual_Board_COM_RX.elf.dir/Drivers/STM32F4xx_HAL_Driver/Src/stm32f4xx_hal_flash.c.obj
LOAD CMakeFiles/Dual_Board_COM_RX.elf.dir/Drivers/STM32F4xx_HAL_Driver/Src/stm32f4xx_hal_flash_ex.c.obj
LOAD CMakeFiles/Dual_Board_COM_RX.elf.dir/Drivers/STM32F4xx_HAL_Driver/Src/stm32f4xx_hal_flash_ramfunc.c.obj
LOAD CMakeFiles/Dual_Board_COM_RX.elf.dir/Drivers/STM32F4xx_HAL_Driver/Src/stm32f4xx_hal_gpio.c.obj
LOAD CMakeFiles/Dual_Board_COM_RX.elf.dir/Drivers/STM32F4xx_HAL_Driver/Src/stm32f4xx_hal_pwr.c.obj
LOAD CMakeFiles/Dual_Board_COM_RX.elf.dir/Drivers/STM32F4xx_HAL_Driver/Src/stm32f4xx_hal_pwr_ex.c.obj
LOAD CMakeFiles/Dual_Board_COM_RX.elf.dir/Drivers/STM32F4xx_HAL_Driver/Src/stm32f4xx_hal_rcc.c.obj
LOAD CMakeFiles/Dual_Board_COM_RX.elf.dir/Drivers/STM32F4xx_HAL_Driver/Src/stm32f4xx_hal_rcc_ex.c.obj
LOAD CMakeFiles/Dual_Board_COM_RX.elf.dir/Drivers/STM32F4xx_HAL_Driver/Src/stm32f4xx_hal_tim.c.obj
LOAD CMakeFiles/Dual_Board_COM_RX.elf.dir/Drivers/STM32F4xx_HAL_Driver/Src/stm32f4xx_hal_tim_ex.c.obj
LOAD CMakeFiles/Dual_Board_COM_RX.elf.dir/Drivers/STM32F4xx_HAL_Driver/Src/stm32f4xx_hal_uart.c.obj
LOAD D:/STM32CubeCLT/STM32CubeCLT_1.16.0/GNU-tools-for-STM32/bin/../lib/gcc/arm-none-eabi/12.3.1/../../../../arm-none-eabi/lib/thumb/v7e-m/nofp\libstdc++.a
LOAD D:/STM32CubeCLT/STM32CubeCLT_1.16.0/GNU-tools-for-STM32/bin/../lib/gcc/arm-none-eabi/12.3.1/../../../../arm-none-eabi/lib/thumb/v7e-m/nofp\libm.a
START GROUP
LOAD D:/STM32CubeCLT/STM32CubeCLT_1.16.0/GNU-tools-for-STM32/bin/../lib/gcc/arm-none-eabi/12.3.1/thumb/v7e-m/nofp\libgcc.a
LOAD D:/STM32CubeCLT/STM32CubeCLT_1.16.0/GNU-tools-for-STM32/bin/../lib/gcc/arm-none-eabi/12.3.1/../../../../arm-none-eabi/lib/thumb/v7e-m/nofp\libg.a
LOAD D:/STM32CubeCLT/STM32CubeCLT_1.16.0/GNU-tools-for-STM32/bin/../lib/gcc/arm-none-eabi/12.3.1/../../../../arm-none-eabi/lib/thumb/v7e-m/nofp\libc.a
END GROUP
LOAD D:/STM32CubeCLT/STM32CubeCLT_1.16.0/GNU-tools-for-STM32/bin/../lib/gcc/arm-none-eabi/12.3.1/thumb/v7e-m/nofp/crtend.o
LOAD D:/STM32CubeCLT/STM32CubeCLT_1.16.0/GNU-tools-for-STM32/bin/../lib/gcc/arm-none-eabi/12.3.1/thumb/v7e-m/nofp/crtn.o
                0x20030000                        _estack = (ORIGIN (RAM) + LENGTH (RAM))
                0x00000200                        _Min_Heap_Size = 0x200
                0x00000400                        _Min_Stack_Size = 0x400

.isr_vector     0x08000000      0x1ac
                0x08000000                        . = ALIGN (0x4)
 *(.isr_vector)
 .isr_vector    0x08000000      0x1ac CMakeFiles/Dual_Board_COM_RX.elf.dir/Core/Startup/startup_stm32f427iihx.s.obj
                0x08000000                g_pfnVectors
                0x080001ac                        . = ALIGN (0x4)

.text           0x080001ac     0x3d4c
                0x080001ac                        . = ALIGN (0x4)
 *(.text)
 .text          0x080001ac       0x40 D:/STM32CubeCLT/STM32CubeCLT_1.16.0/GNU-tools-for-STM32/bin/../lib/gcc/arm-none-eabi/12.3.1/thumb/v7e-m/nofp/crtbegin.o
 .text          0x080001ec       0x30 D:/STM32CubeCLT/STM32CubeCLT_1.16.0/GNU-tools-for-STM32/bin/../lib/gcc/arm-none-eabi/12.3.1/thumb/v7e-m/nofp\libgcc.a(_aeabi_uldivmod.o)
                0x080001ec                __aeabi_uldivmod
 .text          0x0800021c      0x2bc D:/STM32CubeCLT/STM32CubeCLT_1.16.0/GNU-tools-for-STM32/bin/../lib/gcc/arm-none-eabi/12.3.1/thumb/v7e-m/nofp\libgcc.a(_udivmoddi4.o)
                0x0800021c                __udivmoddi4
 .text          0x080004d8      0x9f4 D:/STM32CubeCLT/STM32CubeCLT_1.16.0/GNU-tools-for-STM32/bin/../lib/gcc/arm-none-eabi/12.3.1/thumb/v7e-m/nofp\libgcc.a(unwind-arm.o)
                0x08000788                _Unwind_GetCFA
                0x0800078c                __gnu_Unwind_RaiseException
                0x080007f4                __gnu_Unwind_ForcedUnwind
                0x08000804                __gnu_Unwind_Resume
                0x08000848                __gnu_Unwind_Resume_or_Rethrow
                0x08000858                _Unwind_Complete
                0x0800085c                _Unwind_DeleteException
                0x08000868                _Unwind_VRS_Get
                0x080008b4                _Unwind_VRS_Set
                0x080008fc                __gnu_Unwind_Backtrace
                0x08000c18                __aeabi_unwind_cpp_pr0
                0x08000c1c                __aeabi_unwind_cpp_pr1
                0x08000c20                __aeabi_unwind_cpp_pr2
                0x08000c24                _Unwind_VRS_Pop
 .text          0x08000ecc      0x1ac D:/STM32CubeCLT/STM32CubeCLT_1.16.0/GNU-tools-for-STM32/bin/../lib/gcc/arm-none-eabi/12.3.1/thumb/v7e-m/nofp\libgcc.a(libunwind.o)
                0x08000ecc                __restore_core_regs
                0x08000ecc                restore_core_regs
                0x08000ee4                __gnu_Unwind_Restore_VFP
                0x08000eec                __gnu_Unwind_Save_VFP
                0x08000ef4                __gnu_Unwind_Restore_VFP_D
                0x08000efc                __gnu_Unwind_Save_VFP_D
                0x08000f04                __gnu_Unwind_Restore_VFP_D_16_to_31
                0x08000f0c                __gnu_Unwind_Save_VFP_D_16_to_31
                0x08000f14                __gnu_Unwind_Restore_WMMXD
                0x08000f58                __gnu_Unwind_Save_WMMXD
                0x08000f9c                __gnu_Unwind_Restore_WMMXC
                0x08000fb0                __gnu_Unwind_Save_WMMXC
                0x08000fc4                ___Unwind_RaiseException
                0x08000fc4                _Unwind_RaiseException
                0x08000fe8                _Unwind_Resume
                0x08000fe8                ___Unwind_Resume
                0x0800100c                _Unwind_Resume_or_Rethrow
                0x0800100c                ___Unwind_Resume_or_Rethrow
                0x08001030                _Unwind_ForcedUnwind
                0x08001030                ___Unwind_ForcedUnwind
                0x08001054                ___Unwind_Backtrace
                0x08001054                _Unwind_Backtrace
 .text          0x08001078      0x378 D:/STM32CubeCLT/STM32CubeCLT_1.16.0/GNU-tools-for-STM32/bin/../lib/gcc/arm-none-eabi/12.3.1/thumb/v7e-m/nofp\libgcc.a(pr-support.o)
                0x080010d0                __gnu_unwind_execute
                0x080013a4                __gnu_unwind_frame
                0x080013d0                _Unwind_GetRegionStart
                0x080013dc                _Unwind_GetLanguageSpecificData
 .text          0x080013f0        0x4 D:/STM32CubeCLT/STM32CubeCLT_1.16.0/GNU-tools-for-STM32/bin/../lib/gcc/arm-none-eabi/12.3.1/thumb/v7e-m/nofp\libgcc.a(_dvmd_tls.o)
                0x080013f0                __aeabi_idiv0
                0x080013f0                __aeabi_ldiv0
 *(.text*)
 .text.HAL_CAN_RxFifo0MsgPendingCallback
                0x080013f4       0x38 CMakeFiles/Dual_Board_COM_RX.elf.dir/Core/Src/CAN_RX_Callback.cpp.obj
                0x080013f4                HAL_CAN_RxFifo0MsgPendingCallback
 .text.MX_CAN1_Init
                0x0800142c       0x44 CMakeFiles/Dual_Board_COM_RX.elf.dir/Core/Src/can.c.obj
                0x0800142c                MX_CAN1_Init
 .text.HAL_CAN_MspInit
                0x08001470       0xa0 CMakeFiles/Dual_Board_COM_RX.elf.dir/Core/Src/can.c.obj
                0x08001470                HAL_CAN_MspInit
 .text.MX_DMA_Init
                0x08001510       0x44 CMakeFiles/Dual_Board_COM_RX.elf.dir/Core/Src/dma.c.obj
                0x08001510                MX_DMA_Init
 .text.HAL_GPIO_EXTI_Callback
                0x08001554       0x2c CMakeFiles/Dual_Board_COM_RX.elf.dir/Core/Src/exti_callback.cpp.obj
                0x08001554                HAL_GPIO_EXTI_Callback
 .text.HAL_UARTEx_RxEventCallback
                0x08001580       0x48 CMakeFiles/Dual_Board_COM_RX.elf.dir/Core/Src/exti_callback.cpp.obj
                0x08001580                HAL_UARTEx_RxEventCallback
 .text.MX_GPIO_Init
                0x080015c8      0x108 CMakeFiles/Dual_Board_COM_RX.elf.dir/Core/Src/gpio.c.obj
                0x080015c8                MX_GPIO_Init
 .text.Error_Handler
                0x080016d0        0x4 CMakeFiles/Dual_Board_COM_RX.elf.dir/Core/Src/main.c.obj
                0x080016d0                Error_Handler
 .text.SystemClock_Config
                0x080016d4       0xb0 CMakeFiles/Dual_Board_COM_RX.elf.dir/Core/Src/main.c.obj
                0x080016d4                SystemClock_Config
 .text.main     0x08001784       0x88 CMakeFiles/Dual_Board_COM_RX.elf.dir/Core/Src/main.c.obj
                0x08001784                main
 .text.HAL_MspInit
                0x0800180c       0x38 CMakeFiles/Dual_Board_COM_RX.elf.dir/Core/Src/stm32f4xx_hal_msp.c.obj
                0x0800180c                HAL_MspInit
 .text.NMI_Handler
                0x08001844        0x2 CMakeFiles/Dual_Board_COM_RX.elf.dir/Core/Src/stm32f4xx_it.c.obj
                0x08001844                NMI_Handler
 .text.HardFault_Handler
                0x08001846        0x2 CMakeFiles/Dual_Board_COM_RX.elf.dir/Core/Src/stm32f4xx_it.c.obj
                0x08001846                HardFault_Handler
 .text.MemManage_Handler
                0x08001848        0x2 CMakeFiles/Dual_Board_COM_RX.elf.dir/Core/Src/stm32f4xx_it.c.obj
                0x08001848                MemManage_Handler
 .text.BusFault_Handler
                0x0800184a        0x2 CMakeFiles/Dual_Board_COM_RX.elf.dir/Core/Src/stm32f4xx_it.c.obj
                0x0800184a                BusFault_Handler
 .text.UsageFault_Handler
                0x0800184c        0x2 CMakeFiles/Dual_Board_COM_RX.elf.dir/Core/Src/stm32f4xx_it.c.obj
                0x0800184c                UsageFault_Handler
 .text.SVC_Handler
                0x0800184e        0x2 CMakeFiles/Dual_Board_COM_RX.elf.dir/Core/Src/stm32f4xx_it.c.obj
                0x0800184e                SVC_Handler
 .text.DebugMon_Handler
                0x08001850        0x2 CMakeFiles/Dual_Board_COM_RX.elf.dir/Core/Src/stm32f4xx_it.c.obj
                0x08001850                DebugMon_Handler
 .text.PendSV_Handler
                0x08001852        0x2 CMakeFiles/Dual_Board_COM_RX.elf.dir/Core/Src/stm32f4xx_it.c.obj
                0x08001852                PendSV_Handler
 .text.SysTick_Handler
                0x08001854        0x8 CMakeFiles/Dual_Board_COM_RX.elf.dir/Core/Src/stm32f4xx_it.c.obj
                0x08001854                SysTick_Handler
 .text.EXTI2_IRQHandler
                0x0800185c        0xa CMakeFiles/Dual_Board_COM_RX.elf.dir/Core/Src/stm32f4xx_it.c.obj
                0x0800185c                EXTI2_IRQHandler
 *fill*         0x08001866        0x2 
 .text.CAN1_TX_IRQHandler
                0x08001868       0x10 CMakeFiles/Dual_Board_COM_RX.elf.dir/Core/Src/stm32f4xx_it.c.obj
                0x08001868                CAN1_TX_IRQHandler
 .text.CAN1_RX0_IRQHandler
                0x08001878       0x10 CMakeFiles/Dual_Board_COM_RX.elf.dir/Core/Src/stm32f4xx_it.c.obj
                0x08001878                CAN1_RX0_IRQHandler
 .text.CAN1_RX1_IRQHandler
                0x08001888       0x10 CMakeFiles/Dual_Board_COM_RX.elf.dir/Core/Src/stm32f4xx_it.c.obj
                0x08001888                CAN1_RX1_IRQHandler
 .text.TIM1_BRK_TIM9_IRQHandler
                0x08001898       0x10 CMakeFiles/Dual_Board_COM_RX.elf.dir/Core/Src/stm32f4xx_it.c.obj
                0x08001898                TIM1_BRK_TIM9_IRQHandler
 .text.TIM1_UP_TIM10_IRQHandler
                0x080018a8       0x10 CMakeFiles/Dual_Board_COM_RX.elf.dir/Core/Src/stm32f4xx_it.c.obj
                0x080018a8                TIM1_UP_TIM10_IRQHandler
 .text.TIM1_TRG_COM_TIM11_IRQHandler
                0x080018b8       0x10 CMakeFiles/Dual_Board_COM_RX.elf.dir/Core/Src/stm32f4xx_it.c.obj
                0x080018b8                TIM1_TRG_COM_TIM11_IRQHandler
 .text.TIM1_CC_IRQHandler
                0x080018c8       0x10 CMakeFiles/Dual_Board_COM_RX.elf.dir/Core/Src/stm32f4xx_it.c.obj
                0x080018c8                TIM1_CC_IRQHandler
 .text.TIM8_BRK_TIM12_IRQHandler
                0x080018d8       0x10 CMakeFiles/Dual_Board_COM_RX.elf.dir/Core/Src/stm32f4xx_it.c.obj
                0x080018d8                TIM8_BRK_TIM12_IRQHandler
 .text.TIM8_UP_TIM13_IRQHandler
                0x080018e8       0x10 CMakeFiles/Dual_Board_COM_RX.elf.dir/Core/Src/stm32f4xx_it.c.obj
                0x080018e8                TIM8_UP_TIM13_IRQHandler
 .text.TIM8_TRG_COM_TIM14_IRQHandler
                0x080018f8       0x10 CMakeFiles/Dual_Board_COM_RX.elf.dir/Core/Src/stm32f4xx_it.c.obj
                0x080018f8                TIM8_TRG_COM_TIM14_IRQHandler
 .text.TIM8_CC_IRQHandler
                0x08001908       0x10 CMakeFiles/Dual_Board_COM_RX.elf.dir/Core/Src/stm32f4xx_it.c.obj
                0x08001908                TIM8_CC_IRQHandler
 .text.DMA2_Stream1_IRQHandler
                0x08001918       0x10 CMakeFiles/Dual_Board_COM_RX.elf.dir/Core/Src/stm32f4xx_it.c.obj
                0x08001918                DMA2_Stream1_IRQHandler
 .text.DMA2_Stream6_IRQHandler
                0x08001928       0x10 CMakeFiles/Dual_Board_COM_RX.elf.dir/Core/Src/stm32f4xx_it.c.obj
                0x08001928                DMA2_Stream6_IRQHandler
 .text._getpid  0x08001938        0x4 CMakeFiles/Dual_Board_COM_RX.elf.dir/Core/Src/syscalls.c.obj
                0x08001938                _getpid
 .text._kill    0x0800193c       0x10 CMakeFiles/Dual_Board_COM_RX.elf.dir/Core/Src/syscalls.c.obj
                0x0800193c                _kill
 .text._exit    0x0800194c        0xc CMakeFiles/Dual_Board_COM_RX.elf.dir/Core/Src/syscalls.c.obj
                0x0800194c                _exit
 .text.SystemInit
                0x08001958        0x2 CMakeFiles/Dual_Board_COM_RX.elf.dir/Core/Src/system_stm32f4xx.c.obj
                0x08001958                SystemInit
 *fill*         0x0800195a        0x2 
 .text.MX_TIM1_Init
                0x0800195c       0x70 CMakeFiles/Dual_Board_COM_RX.elf.dir/Core/Src/tim.c.obj
                0x0800195c                MX_TIM1_Init
 .text.MX_TIM8_Init
                0x080019cc       0x74 CMakeFiles/Dual_Board_COM_RX.elf.dir/Core/Src/tim.c.obj
                0x080019cc                MX_TIM8_Init
 .text.HAL_TIM_Base_MspInit
                0x08001a40      0x110 CMakeFiles/Dual_Board_COM_RX.elf.dir/Core/Src/tim.c.obj
                0x08001a40                HAL_TIM_Base_MspInit
 .text.HAL_TIM_PeriodElapsedCallback
                0x08001b50       0x20 CMakeFiles/Dual_Board_COM_RX.elf.dir/Core/Src/tim_callback.cpp.obj
                0x08001b50                HAL_TIM_PeriodElapsedCallback
 .text.MX_USART6_UART_Init
                0x08001b70       0x34 CMakeFiles/Dual_Board_COM_RX.elf.dir/Core/Src/usart.c.obj
                0x08001b70                MX_USART6_UART_Init
 .text.HAL_UART_MspInit
                0x08001ba4       0xf0 CMakeFiles/Dual_Board_COM_RX.elf.dir/Core/Src/usart.c.obj
                0x08001ba4                HAL_UART_MspInit
 .text.Reset_Handler
                0x08001c94       0x50 CMakeFiles/Dual_Board_COM_RX.elf.dir/Core/Startup/startup_stm32f427iihx.s.obj
                0x08001c94                Reset_Handler
 .text.Default_Handler
                0x08001ce4        0x2 CMakeFiles/Dual_Board_COM_RX.elf.dir/Core/Startup/startup_stm32f427iihx.s.obj
                0x08001ce4                RTC_Alarm_IRQHandler
                0x08001ce4                HASH_RNG_IRQHandler
                0x08001ce4                UART8_IRQHandler
                0x08001ce4                SPI4_IRQHandler
                0x08001ce4                DMA2_Stream5_IRQHandler
                0x08001ce4                DMA1_Stream5_IRQHandler
                0x08001ce4                PVD_IRQHandler
                0x08001ce4                SDIO_IRQHandler
                0x08001ce4                TAMP_STAMP_IRQHandler
                0x08001ce4                CAN2_RX1_IRQHandler
                0x08001ce4                EXTI3_IRQHandler
                0x08001ce4                I2C3_ER_IRQHandler
                0x08001ce4                EXTI0_IRQHandler
                0x08001ce4                I2C2_EV_IRQHandler
                0x08001ce4                DMA1_Stream2_IRQHandler
                0x08001ce4                FPU_IRQHandler
                0x08001ce4                OTG_HS_WKUP_IRQHandler
                0x08001ce4                CAN2_SCE_IRQHandler
                0x08001ce4                DMA2_Stream2_IRQHandler
                0x08001ce4                SPI1_IRQHandler
                0x08001ce4                TIM6_DAC_IRQHandler
                0x08001ce4                DCMI_IRQHandler
                0x08001ce4                CAN2_RX0_IRQHandler
                0x08001ce4                DMA2_Stream3_IRQHandler
                0x08001ce4                USART6_IRQHandler
                0x08001ce4                USART3_IRQHandler
                0x08001ce4                UART5_IRQHandler
                0x08001ce4                DMA2_Stream0_IRQHandler
                0x08001ce4                TIM4_IRQHandler
                0x08001ce4                I2C1_EV_IRQHandler
                0x08001ce4                DMA1_Stream6_IRQHandler
                0x08001ce4                DMA1_Stream1_IRQHandler
                0x08001ce4                UART4_IRQHandler
                0x08001ce4                TIM3_IRQHandler
                0x08001ce4                RCC_IRQHandler
                0x08001ce4                Default_Handler
                0x08001ce4                EXTI15_10_IRQHandler
                0x08001ce4                ADC_IRQHandler
                0x08001ce4                DMA1_Stream7_IRQHandler
                0x08001ce4                SPI5_IRQHandler
                0x08001ce4                TIM7_IRQHandler
                0x08001ce4                CAN2_TX_IRQHandler
                0x08001ce4                TIM5_IRQHandler
                0x08001ce4                DMA2_Stream7_IRQHandler
                0x08001ce4                I2C3_EV_IRQHandler
                0x08001ce4                EXTI9_5_IRQHandler
                0x08001ce4                RTC_WKUP_IRQHandler
                0x08001ce4                ETH_WKUP_IRQHandler
                0x08001ce4                SPI2_IRQHandler
                0x08001ce4                OTG_HS_EP1_IN_IRQHandler
                0x08001ce4                DMA1_Stream0_IRQHandler
                0x08001ce4                EXTI4_IRQHandler
                0x08001ce4                ETH_IRQHandler
                0x08001ce4                OTG_HS_EP1_OUT_IRQHandler
                0x08001ce4                WWDG_IRQHandler
                0x08001ce4                SPI6_IRQHandler
                0x08001ce4                TIM2_IRQHandler
                0x08001ce4                OTG_FS_WKUP_IRQHandler
                0x08001ce4                OTG_HS_IRQHandler
                0x08001ce4                DMA2D_IRQHandler
                0x08001ce4                EXTI1_IRQHandler
                0x08001ce4                UART7_IRQHandler
                0x08001ce4                USART2_IRQHandler
                0x08001ce4                I2C2_ER_IRQHandler
                0x08001ce4                CAN1_SCE_IRQHandler
                0x08001ce4                FLASH_IRQHandler
                0x08001ce4                DMA2_Stream4_IRQHandler
                0x08001ce4                USART1_IRQHandler
                0x08001ce4                OTG_FS_IRQHandler
                0x08001ce4                SPI3_IRQHandler
                0x08001ce4                DMA1_Stream4_IRQHandler
                0x08001ce4                I2C1_ER_IRQHandler
                0x08001ce4                FMC_IRQHandler
                0x08001ce4                SAI1_IRQHandler
                0x08001ce4                DMA1_Stream3_IRQHandler
 *fill*         0x08001ce6        0x2 
 .text.HAL_InitTick
                0x08001ce8       0x4c CMakeFiles/Dual_Board_COM_RX.elf.dir/Drivers/STM32F4xx_HAL_Driver/Src/stm32f4xx_hal.c.obj
                0x08001ce8                HAL_InitTick
 .text.HAL_Init
                0x08001d34       0x34 CMakeFiles/Dual_Board_COM_RX.elf.dir/Drivers/STM32F4xx_HAL_Driver/Src/stm32f4xx_hal.c.obj
                0x08001d34                HAL_Init
 .text.HAL_IncTick
                0x08001d68       0x18 CMakeFiles/Dual_Board_COM_RX.elf.dir/Drivers/STM32F4xx_HAL_Driver/Src/stm32f4xx_hal.c.obj
                0x08001d68                HAL_IncTick
 .text.HAL_GetTick
                0x08001d80        0xc CMakeFiles/Dual_Board_COM_RX.elf.dir/Drivers/STM32F4xx_HAL_Driver/Src/stm32f4xx_hal.c.obj
                0x08001d80                HAL_GetTick
 .text.HAL_CAN_Init
                0x08001d8c      0x14c CMakeFiles/Dual_Board_COM_RX.elf.dir/Drivers/STM32F4xx_HAL_Driver/Src/stm32f4xx_hal_can.c.obj
                0x08001d8c                HAL_CAN_Init
 .text.HAL_CAN_ConfigFilter
                0x08001ed8      0x13c CMakeFiles/Dual_Board_COM_RX.elf.dir/Drivers/STM32F4xx_HAL_Driver/Src/stm32f4xx_hal_can.c.obj
                0x08001ed8                HAL_CAN_ConfigFilter
 .text.HAL_CAN_Start
                0x08002014       0x5c CMakeFiles/Dual_Board_COM_RX.elf.dir/Drivers/STM32F4xx_HAL_Driver/Src/stm32f4xx_hal_can.c.obj
                0x08002014                HAL_CAN_Start
 .text.HAL_CAN_GetRxMessage
                0x08002070      0x16a CMakeFiles/Dual_Board_COM_RX.elf.dir/Drivers/STM32F4xx_HAL_Driver/Src/stm32f4xx_hal_can.c.obj
                0x08002070                HAL_CAN_GetRxMessage
 .text.HAL_CAN_ActivateNotification
                0x080021da       0x24 CMakeFiles/Dual_Board_COM_RX.elf.dir/Drivers/STM32F4xx_HAL_Driver/Src/stm32f4xx_hal_can.c.obj
                0x080021da                HAL_CAN_ActivateNotification
 .text.HAL_CAN_TxMailbox0CompleteCallback
                0x080021fe        0x2 CMakeFiles/Dual_Board_COM_RX.elf.dir/Drivers/STM32F4xx_HAL_Driver/Src/stm32f4xx_hal_can.c.obj
                0x080021fe                HAL_CAN_TxMailbox0CompleteCallback
 .text.HAL_CAN_TxMailbox1CompleteCallback
                0x08002200        0x2 CMakeFiles/Dual_Board_COM_RX.elf.dir/Drivers/STM32F4xx_HAL_Driver/Src/stm32f4xx_hal_can.c.obj
                0x08002200                HAL_CAN_TxMailbox1CompleteCallback
 .text.HAL_CAN_TxMailbox2CompleteCallback
                0x08002202        0x2 CMakeFiles/Dual_Board_COM_RX.elf.dir/Drivers/STM32F4xx_HAL_Driver/Src/stm32f4xx_hal_can.c.obj
                0x08002202                HAL_CAN_TxMailbox2CompleteCallback
 .text.HAL_CAN_TxMailbox0AbortCallback
                0x08002204        0x2 CMakeFiles/Dual_Board_COM_RX.elf.dir/Drivers/STM32F4xx_HAL_Driver/Src/stm32f4xx_hal_can.c.obj
                0x08002204                HAL_CAN_TxMailbox0AbortCallback
 .text.HAL_CAN_TxMailbox1AbortCallback
                0x08002206        0x2 CMakeFiles/Dual_Board_COM_RX.elf.dir/Drivers/STM32F4xx_HAL_Driver/Src/stm32f4xx_hal_can.c.obj
                0x08002206                HAL_CAN_TxMailbox1AbortCallback
 .text.HAL_CAN_TxMailbox2AbortCallback
                0x08002208        0x2 CMakeFiles/Dual_Board_COM_RX.elf.dir/Drivers/STM32F4xx_HAL_Driver/Src/stm32f4xx_hal_can.c.obj
                0x08002208                HAL_CAN_TxMailbox2AbortCallback
 .text.HAL_CAN_RxFifo0FullCallback
                0x0800220a        0x2 CMakeFiles/Dual_Board_COM_RX.elf.dir/Drivers/STM32F4xx_HAL_Driver/Src/stm32f4xx_hal_can.c.obj
                0x0800220a                HAL_CAN_RxFifo0FullCallback
 .text.HAL_CAN_RxFifo1MsgPendingCallback
                0x0800220c        0x2 CMakeFiles/Dual_Board_COM_RX.elf.dir/Drivers/STM32F4xx_HAL_Driver/Src/stm32f4xx_hal_can.c.obj
                0x0800220c                HAL_CAN_RxFifo1MsgPendingCallback
 .text.HAL_CAN_RxFifo1FullCallback
                0x0800220e        0x2 CMakeFiles/Dual_Board_COM_RX.elf.dir/Drivers/STM32F4xx_HAL_Driver/Src/stm32f4xx_hal_can.c.obj
                0x0800220e                HAL_CAN_RxFifo1FullCallback
 .text.HAL_CAN_SleepCallback
                0x08002210        0x2 CMakeFiles/Dual_Board_COM_RX.elf.dir/Drivers/STM32F4xx_HAL_Driver/Src/stm32f4xx_hal_can.c.obj
                0x08002210                HAL_CAN_SleepCallback
 .text.HAL_CAN_WakeUpFromRxMsgCallback
                0x08002212        0x2 CMakeFiles/Dual_Board_COM_RX.elf.dir/Drivers/STM32F4xx_HAL_Driver/Src/stm32f4xx_hal_can.c.obj
                0x08002212                HAL_CAN_WakeUpFromRxMsgCallback
 .text.HAL_CAN_ErrorCallback
                0x08002214        0x2 CMakeFiles/Dual_Board_COM_RX.elf.dir/Drivers/STM32F4xx_HAL_Driver/Src/stm32f4xx_hal_can.c.obj
                0x08002214                HAL_CAN_ErrorCallback
 .text.HAL_CAN_IRQHandler
                0x08002216      0x24a CMakeFiles/Dual_Board_COM_RX.elf.dir/Drivers/STM32F4xx_HAL_Driver/Src/stm32f4xx_hal_can.c.obj
                0x08002216                HAL_CAN_IRQHandler
 .text.__NVIC_EnableIRQ
                0x08002460       0x1c CMakeFiles/Dual_Board_COM_RX.elf.dir/Drivers/STM32F4xx_HAL_Driver/Src/stm32f4xx_hal_cortex.c.obj
 .text.__NVIC_SetPriority
                0x0800247c       0x28 CMakeFiles/Dual_Board_COM_RX.elf.dir/Drivers/STM32F4xx_HAL_Driver/Src/stm32f4xx_hal_cortex.c.obj
 .text.NVIC_EncodePriority
                0x080024a4       0x3e CMakeFiles/Dual_Board_COM_RX.elf.dir/Drivers/STM32F4xx_HAL_Driver/Src/stm32f4xx_hal_cortex.c.obj
 *fill*         0x080024e2        0x2 
 .text.HAL_NVIC_SetPriorityGrouping
                0x080024e4       0x24 CMakeFiles/Dual_Board_COM_RX.elf.dir/Drivers/STM32F4xx_HAL_Driver/Src/stm32f4xx_hal_cortex.c.obj
                0x080024e4                HAL_NVIC_SetPriorityGrouping
 .text.HAL_NVIC_SetPriority
                0x08002508       0x20 CMakeFiles/Dual_Board_COM_RX.elf.dir/Drivers/STM32F4xx_HAL_Driver/Src/stm32f4xx_hal_cortex.c.obj
                0x08002508                HAL_NVIC_SetPriority
 .text.HAL_NVIC_EnableIRQ
                0x08002528        0x8 CMakeFiles/Dual_Board_COM_RX.elf.dir/Drivers/STM32F4xx_HAL_Driver/Src/stm32f4xx_hal_cortex.c.obj
                0x08002528                HAL_NVIC_EnableIRQ
 .text.HAL_SYSTICK_Config
                0x08002530       0x28 CMakeFiles/Dual_Board_COM_RX.elf.dir/Drivers/STM32F4xx_HAL_Driver/Src/stm32f4xx_hal_cortex.c.obj
                0x08002530                HAL_SYSTICK_Config
 .text.DMA_SetConfig
                0x08002558       0x2c CMakeFiles/Dual_Board_COM_RX.elf.dir/Drivers/STM32F4xx_HAL_Driver/Src/stm32f4xx_hal_dma.c.obj
 .text.DMA_CalcBaseAndBitshift
                0x08002584       0x40 CMakeFiles/Dual_Board_COM_RX.elf.dir/Drivers/STM32F4xx_HAL_Driver/Src/stm32f4xx_hal_dma.c.obj
 .text.DMA_CheckFifoParam
                0x080025c4       0x8e CMakeFiles/Dual_Board_COM_RX.elf.dir/Drivers/STM32F4xx_HAL_Driver/Src/stm32f4xx_hal_dma.c.obj
 *fill*         0x08002652        0x2 
 .text.HAL_DMA_Init
                0x08002654       0xcc CMakeFiles/Dual_Board_COM_RX.elf.dir/Drivers/STM32F4xx_HAL_Driver/Src/stm32f4xx_hal_dma.c.obj
                0x08002654                HAL_DMA_Init
 .text.HAL_DMA_Start_IT
                0x08002720       0x6a CMakeFiles/Dual_Board_COM_RX.elf.dir/Drivers/STM32F4xx_HAL_Driver/Src/stm32f4xx_hal_dma.c.obj
                0x08002720                HAL_DMA_Start_IT
 *fill*         0x0800278a        0x2 
 .text.HAL_DMA_IRQHandler
                0x0800278c      0x1dc CMakeFiles/Dual_Board_COM_RX.elf.dir/Drivers/STM32F4xx_HAL_Driver/Src/stm32f4xx_hal_dma.c.obj
                0x0800278c                HAL_DMA_IRQHandler
 .text.HAL_GPIO_Init
                0x08002968      0x20c CMakeFiles/Dual_Board_COM_RX.elf.dir/Drivers/STM32F4xx_HAL_Driver/Src/stm32f4xx_hal_gpio.c.obj
                0x08002968                HAL_GPIO_Init
 .text.HAL_GPIO_WritePin
                0x08002b74        0xc CMakeFiles/Dual_Board_COM_RX.elf.dir/Drivers/STM32F4xx_HAL_Driver/Src/stm32f4xx_hal_gpio.c.obj
                0x08002b74                HAL_GPIO_WritePin
 .text.HAL_GPIO_TogglePin
                0x08002b80       0x12 CMakeFiles/Dual_Board_COM_RX.elf.dir/Drivers/STM32F4xx_HAL_Driver/Src/stm32f4xx_hal_gpio.c.obj
                0x08002b80                HAL_GPIO_TogglePin
 *fill*         0x08002b92        0x2 
 .text.HAL_GPIO_EXTI_IRQHandler
                0x08002b94       0x1c CMakeFiles/Dual_Board_COM_RX.elf.dir/Drivers/STM32F4xx_HAL_Driver/Src/stm32f4xx_hal_gpio.c.obj
                0x08002b94                HAL_GPIO_EXTI_IRQHandler
 .text.HAL_PWREx_EnableOverDrive
                0x08002bb0       0x7c CMakeFiles/Dual_Board_COM_RX.elf.dir/Drivers/STM32F4xx_HAL_Driver/Src/stm32f4xx_hal_pwr_ex.c.obj
                0x08002bb0                HAL_PWREx_EnableOverDrive
 .text.HAL_RCC_OscConfig
                0x08002c2c      0x3f8 CMakeFiles/Dual_Board_COM_RX.elf.dir/Drivers/STM32F4xx_HAL_Driver/Src/stm32f4xx_hal_rcc.c.obj
                0x08002c2c                HAL_RCC_OscConfig
 .text.HAL_RCC_GetSysClockFreq
                0x08003024       0xa8 CMakeFiles/Dual_Board_COM_RX.elf.dir/Drivers/STM32F4xx_HAL_Driver/Src/stm32f4xx_hal_rcc.c.obj
                0x08003024                HAL_RCC_GetSysClockFreq
 .text.HAL_RCC_ClockConfig
                0x080030cc      0x160 CMakeFiles/Dual_Board_COM_RX.elf.dir/Drivers/STM32F4xx_HAL_Driver/Src/stm32f4xx_hal_rcc.c.obj
                0x080030cc                HAL_RCC_ClockConfig
 .text.HAL_RCC_GetHCLKFreq
                0x0800322c        0xc CMakeFiles/Dual_Board_COM_RX.elf.dir/Drivers/STM32F4xx_HAL_Driver/Src/stm32f4xx_hal_rcc.c.obj
                0x0800322c                HAL_RCC_GetHCLKFreq
 .text.HAL_RCC_GetPCLK1Freq
                0x08003238       0x20 CMakeFiles/Dual_Board_COM_RX.elf.dir/Drivers/STM32F4xx_HAL_Driver/Src/stm32f4xx_hal_rcc.c.obj
                0x08003238                HAL_RCC_GetPCLK1Freq
 .text.HAL_RCC_GetPCLK2Freq
                0x08003258       0x20 CMakeFiles/Dual_Board_COM_RX.elf.dir/Drivers/STM32F4xx_HAL_Driver/Src/stm32f4xx_hal_rcc.c.obj
                0x08003258                HAL_RCC_GetPCLK2Freq
 .text.TIM_TI1_ConfigInputStage
                0x08003278       0x24 CMakeFiles/Dual_Board_COM_RX.elf.dir/Drivers/STM32F4xx_HAL_Driver/Src/stm32f4xx_hal_tim.c.obj
 .text.TIM_TI2_ConfigInputStage
                0x0800329c       0x26 CMakeFiles/Dual_Board_COM_RX.elf.dir/Drivers/STM32F4xx_HAL_Driver/Src/stm32f4xx_hal_tim.c.obj
 .text.TIM_ITRx_SetConfig
                0x080032c2       0x10 CMakeFiles/Dual_Board_COM_RX.elf.dir/Drivers/STM32F4xx_HAL_Driver/Src/stm32f4xx_hal_tim.c.obj
 *fill*         0x080032d2        0x2 
 .text.HAL_TIM_Base_Start_IT
                0x080032d4       0x88 CMakeFiles/Dual_Board_COM_RX.elf.dir/Drivers/STM32F4xx_HAL_Driver/Src/stm32f4xx_hal_tim.c.obj
                0x080032d4                HAL_TIM_Base_Start_IT
 .text.HAL_TIM_OC_DelayElapsedCallback
                0x0800335c        0x2 CMakeFiles/Dual_Board_COM_RX.elf.dir/Drivers/STM32F4xx_HAL_Driver/Src/stm32f4xx_hal_tim.c.obj
                0x0800335c                HAL_TIM_OC_DelayElapsedCallback
 .text.HAL_TIM_IC_CaptureCallback
                0x0800335e        0x2 CMakeFiles/Dual_Board_COM_RX.elf.dir/Drivers/STM32F4xx_HAL_Driver/Src/stm32f4xx_hal_tim.c.obj
                0x0800335e                HAL_TIM_IC_CaptureCallback
 .text.HAL_TIM_PWM_PulseFinishedCallback
                0x08003360        0x2 CMakeFiles/Dual_Board_COM_RX.elf.dir/Drivers/STM32F4xx_HAL_Driver/Src/stm32f4xx_hal_tim.c.obj
                0x08003360                HAL_TIM_PWM_PulseFinishedCallback
 .text.HAL_TIM_TriggerCallback
                0x08003362        0x2 CMakeFiles/Dual_Board_COM_RX.elf.dir/Drivers/STM32F4xx_HAL_Driver/Src/stm32f4xx_hal_tim.c.obj
                0x08003362                HAL_TIM_TriggerCallback
 .text.HAL_TIM_IRQHandler
                0x08003364      0x15e CMakeFiles/Dual_Board_COM_RX.elf.dir/Drivers/STM32F4xx_HAL_Driver/Src/stm32f4xx_hal_tim.c.obj
                0x08003364                HAL_TIM_IRQHandler
 *fill*         0x080034c2        0x2 
 .text.TIM_Base_SetConfig
                0x080034c4       0xd8 CMakeFiles/Dual_Board_COM_RX.elf.dir/Drivers/STM32F4xx_HAL_Driver/Src/stm32f4xx_hal_tim.c.obj
                0x080034c4                TIM_Base_SetConfig
 .text.HAL_TIM_Base_Init
                0x0800359c       0x58 CMakeFiles/Dual_Board_COM_RX.elf.dir/Drivers/STM32F4xx_HAL_Driver/Src/stm32f4xx_hal_tim.c.obj
                0x0800359c                HAL_TIM_Base_Init
 .text.TIM_ETR_SetConfig
                0x080035f4       0x18 CMakeFiles/Dual_Board_COM_RX.elf.dir/Drivers/STM32F4xx_HAL_Driver/Src/stm32f4xx_hal_tim.c.obj
                0x080035f4                TIM_ETR_SetConfig
 .text.HAL_TIM_ConfigClockSource
                0x0800360c       0xfe CMakeFiles/Dual_Board_COM_RX.elf.dir/Drivers/STM32F4xx_HAL_Driver/Src/stm32f4xx_hal_tim.c.obj
                0x0800360c                HAL_TIM_ConfigClockSource
 *fill*         0x0800370a        0x2 
 .text.HAL_TIMEx_MasterConfigSynchronization
                0x0800370c       0x8c CMakeFiles/Dual_Board_COM_RX.elf.dir/Drivers/STM32F4xx_HAL_Driver/Src/stm32f4xx_hal_tim_ex.c.obj
                0x0800370c                HAL_TIMEx_MasterConfigSynchronization
 .text.HAL_TIMEx_CommutCallback
                0x08003798        0x2 CMakeFiles/Dual_Board_COM_RX.elf.dir/Drivers/STM32F4xx_HAL_Driver/Src/stm32f4xx_hal_tim_ex.c.obj
                0x08003798                HAL_TIMEx_CommutCallback
 .text.HAL_TIMEx_BreakCallback
                0x0800379a        0x2 CMakeFiles/Dual_Board_COM_RX.elf.dir/Drivers/STM32F4xx_HAL_Driver/Src/stm32f4xx_hal_tim_ex.c.obj
                0x0800379a                HAL_TIMEx_BreakCallback
 .text.UART_EndTxTransfer
                0x0800379c       0x20 CMakeFiles/Dual_Board_COM_RX.elf.dir/Drivers/STM32F4xx_HAL_Driver/Src/stm32f4xx_hal_uart.c.obj
 .text.UART_EndRxTransfer
                0x080037bc       0x5c CMakeFiles/Dual_Board_COM_RX.elf.dir/Drivers/STM32F4xx_HAL_Driver/Src/stm32f4xx_hal_uart.c.obj
 .text.UART_SetConfig
                0x08003818      0x110 CMakeFiles/Dual_Board_COM_RX.elf.dir/Drivers/STM32F4xx_HAL_Driver/Src/stm32f4xx_hal_uart.c.obj
 .text.UART_WaitOnFlagUntilTimeout
                0x08003928       0x86 CMakeFiles/Dual_Board_COM_RX.elf.dir/Drivers/STM32F4xx_HAL_Driver/Src/stm32f4xx_hal_uart.c.obj
 .text.HAL_UART_Init
                0x080039ae       0x60 CMakeFiles/Dual_Board_COM_RX.elf.dir/Drivers/STM32F4xx_HAL_Driver/Src/stm32f4xx_hal_uart.c.obj
                0x080039ae                HAL_UART_Init
 .text.HAL_UART_Transmit
                0x08003a0e       0xcc CMakeFiles/Dual_Board_COM_RX.elf.dir/Drivers/STM32F4xx_HAL_Driver/Src/stm32f4xx_hal_uart.c.obj
                0x08003a0e                HAL_UART_Transmit
 .text.HAL_UART_RxCpltCallback
                0x08003ada        0x2 CMakeFiles/Dual_Board_COM_RX.elf.dir/Drivers/STM32F4xx_HAL_Driver/Src/stm32f4xx_hal_uart.c.obj
                0x08003ada                HAL_UART_RxCpltCallback
 .text.HAL_UART_RxHalfCpltCallback
                0x08003adc        0x2 CMakeFiles/Dual_Board_COM_RX.elf.dir/Drivers/STM32F4xx_HAL_Driver/Src/stm32f4xx_hal_uart.c.obj
                0x08003adc                HAL_UART_RxHalfCpltCallback
 .text.HAL_UART_ErrorCallback
                0x08003ade        0x2 CMakeFiles/Dual_Board_COM_RX.elf.dir/Drivers/STM32F4xx_HAL_Driver/Src/stm32f4xx_hal_uart.c.obj
                0x08003ade                HAL_UART_ErrorCallback
 .text.UART_DMAError
                0x08003ae0       0x58 CMakeFiles/Dual_Board_COM_RX.elf.dir/Drivers/STM32F4xx_HAL_Driver/Src/stm32f4xx_hal_uart.c.obj
 .text.UART_DMARxHalfCplt
                0x08003b38       0x1e CMakeFiles/Dual_Board_COM_RX.elf.dir/Drivers/STM32F4xx_HAL_Driver/Src/stm32f4xx_hal_uart.c.obj
 .text.UART_DMAReceiveCplt
                0x08003b56       0x9a CMakeFiles/Dual_Board_COM_RX.elf.dir/Drivers/STM32F4xx_HAL_Driver/Src/stm32f4xx_hal_uart.c.obj
 .text.UART_Start_Receive_DMA
                0x08003bf0       0xa4 CMakeFiles/Dual_Board_COM_RX.elf.dir/Drivers/STM32F4xx_HAL_Driver/Src/stm32f4xx_hal_uart.c.obj
                0x08003bf0                UART_Start_Receive_DMA
 .text.HAL_UARTEx_ReceiveToIdle_DMA
                0x08003c94       0x66 CMakeFiles/Dual_Board_COM_RX.elf.dir/Drivers/STM32F4xx_HAL_Driver/Src/stm32f4xx_hal_uart.c.obj
                0x08003c94                HAL_UARTEx_ReceiveToIdle_DMA
 .text.abort    0x08003cfa        0xe D:/STM32CubeCLT/STM32CubeCLT_1.16.0/GNU-tools-for-STM32/bin/../lib/gcc/arm-none-eabi/12.3.1/../../../../arm-none-eabi/lib/thumb/v7e-m/nofp\libg.a(libc_a-abort.o)
                0x08003cfa                abort
 .text.memset   0x08003d08       0x10 D:/STM32CubeCLT/STM32CubeCLT_1.16.0/GNU-tools-for-STM32/bin/../lib/gcc/arm-none-eabi/12.3.1/../../../../arm-none-eabi/lib/thumb/v7e-m/nofp\libg.a(libc_a-memset.o)
                0x08003d08                memset
 .text._raise_r
                0x08003d18       0x52 D:/STM32CubeCLT/STM32CubeCLT_1.16.0/GNU-tools-for-STM32/bin/../lib/gcc/arm-none-eabi/12.3.1/../../../../arm-none-eabi/lib/thumb/v7e-m/nofp\libg.a(libc_a-signal.o)
                0x08003d18                _raise_r
 *fill*         0x08003d6a        0x2 
 .text.raise    0x08003d6c       0x10 D:/STM32CubeCLT/STM32CubeCLT_1.16.0/GNU-tools-for-STM32/bin/../lib/gcc/arm-none-eabi/12.3.1/../../../../arm-none-eabi/lib/thumb/v7e-m/nofp\libg.a(libc_a-signal.o)
                0x08003d6c                raise
 .text._kill_r  0x08003d7c       0x24 D:/STM32CubeCLT/STM32CubeCLT_1.16.0/GNU-tools-for-STM32/bin/../lib/gcc/arm-none-eabi/12.3.1/../../../../arm-none-eabi/lib/thumb/v7e-m/nofp\libg.a(libc_a-signalr.o)
                0x08003d7c                _kill_r
 .text._getpid_r
                0x08003da0        0x4 D:/STM32CubeCLT/STM32CubeCLT_1.16.0/GNU-tools-for-STM32/bin/../lib/gcc/arm-none-eabi/12.3.1/../../../../arm-none-eabi/lib/thumb/v7e-m/nofp\libg.a(libc_a-signalr.o)
                0x08003da0                _getpid_r
 .text.__errno  0x08003da4        0xc D:/STM32CubeCLT/STM32CubeCLT_1.16.0/GNU-tools-for-STM32/bin/../lib/gcc/arm-none-eabi/12.3.1/../../../../arm-none-eabi/lib/thumb/v7e-m/nofp\libg.a(libc_a-errno.o)
                0x08003da4                __errno
 .text.__libc_init_array
                0x08003db0       0x48 D:/STM32CubeCLT/STM32CubeCLT_1.16.0/GNU-tools-for-STM32/bin/../lib/gcc/arm-none-eabi/12.3.1/../../../../arm-none-eabi/lib/thumb/v7e-m/nofp\libg.a(libc_a-init.o)
                0x08003db0                __libc_init_array
 .text.__retarget_lock_acquire_recursive
                0x08003df8        0x2 D:/STM32CubeCLT/STM32CubeCLT_1.16.0/GNU-tools-for-STM32/bin/../lib/gcc/arm-none-eabi/12.3.1/../../../../arm-none-eabi/lib/thumb/v7e-m/nofp\libg.a(libc_a-lock.o)
                0x08003df8                __retarget_lock_acquire_recursive
 .text.__retarget_lock_release_recursive
                0x08003dfa        0x2 D:/STM32CubeCLT/STM32CubeCLT_1.16.0/GNU-tools-for-STM32/bin/../lib/gcc/arm-none-eabi/12.3.1/../../../../arm-none-eabi/lib/thumb/v7e-m/nofp\libg.a(libc_a-lock.o)
                0x08003dfa                __retarget_lock_release_recursive
 .text.memcpy   0x08003dfc       0x1c D:/STM32CubeCLT/STM32CubeCLT_1.16.0/GNU-tools-for-STM32/bin/../lib/gcc/arm-none-eabi/12.3.1/../../../../arm-none-eabi/lib/thumb/v7e-m/nofp\libg.a(libc_a-memcpy-stub.o)
                0x08003dfc                memcpy
 .text.startup.register_fini
                0x08003e18       0x14 D:/STM32CubeCLT/STM32CubeCLT_1.16.0/GNU-tools-for-STM32/bin/../lib/gcc/arm-none-eabi/12.3.1/../../../../arm-none-eabi/lib/thumb/v7e-m/nofp\libg.a(libc_a-__call_atexit.o)
 .text.atexit   0x08003e2c        0xc D:/STM32CubeCLT/STM32CubeCLT_1.16.0/GNU-tools-for-STM32/bin/../lib/gcc/arm-none-eabi/12.3.1/../../../../arm-none-eabi/lib/thumb/v7e-m/nofp\libg.a(libc_a-atexit.o)
                0x08003e2c                atexit
 .text.__libc_fini_array
                0x08003e38       0x28 D:/STM32CubeCLT/STM32CubeCLT_1.16.0/GNU-tools-for-STM32/bin/../lib/gcc/arm-none-eabi/12.3.1/../../../../arm-none-eabi/lib/thumb/v7e-m/nofp\libg.a(libc_a-fini.o)
                0x08003e38                __libc_fini_array
 .text.__register_exitproc
                0x08003e60       0x80 D:/STM32CubeCLT/STM32CubeCLT_1.16.0/GNU-tools-for-STM32/bin/../lib/gcc/arm-none-eabi/12.3.1/../../../../arm-none-eabi/lib/thumb/v7e-m/nofp\libg.a(libc_a-__atexit.o)
                0x08003e60                __register_exitproc
 *(.glue_7)
 .glue_7        0x08003ee0        0x0 linker stubs
 *(.glue_7t)
 .glue_7t       0x08003ee0        0x0 linker stubs
 *(.eh_frame)
 .eh_frame      0x08003ee0        0x0 D:/STM32CubeCLT/STM32CubeCLT_1.16.0/GNU-tools-for-STM32/bin/../lib/gcc/arm-none-eabi/12.3.1/thumb/v7e-m/nofp/crtbegin.o
 *(.init)
 .init          0x08003ee0        0x4 D:/STM32CubeCLT/STM32CubeCLT_1.16.0/GNU-tools-for-STM32/bin/../lib/gcc/arm-none-eabi/12.3.1/thumb/v7e-m/nofp/crti.o
                0x08003ee0                _init
 .init          0x08003ee4        0x8 D:/STM32CubeCLT/STM32CubeCLT_1.16.0/GNU-tools-for-STM32/bin/../lib/gcc/arm-none-eabi/12.3.1/thumb/v7e-m/nofp/crtn.o
 *(.fini)
 .fini          0x08003eec        0x4 D:/STM32CubeCLT/STM32CubeCLT_1.16.0/GNU-tools-for-STM32/bin/../lib/gcc/arm-none-eabi/12.3.1/thumb/v7e-m/nofp/crti.o
                0x08003eec                _fini
 .fini          0x08003ef0        0x8 D:/STM32CubeCLT/STM32CubeCLT_1.16.0/GNU-tools-for-STM32/bin/../lib/gcc/arm-none-eabi/12.3.1/thumb/v7e-m/nofp/crtn.o
                0x08003ef8                        . = ALIGN (0x4)
                0x08003ef8                        _etext = .

.vfp11_veneer   0x08003ef8        0x0
 .vfp11_veneer  0x08003ef8        0x0 linker stubs

.v4_bx          0x08003ef8        0x0
 .v4_bx         0x08003ef8        0x0 linker stubs

.iplt           0x08003ef8        0x0
 .iplt          0x08003ef8        0x0 D:/STM32CubeCLT/STM32CubeCLT_1.16.0/GNU-tools-for-STM32/bin/../lib/gcc/arm-none-eabi/12.3.1/thumb/v7e-m/nofp/crtbegin.o

.rodata         0x08003ef8       0x20
                0x08003ef8                        . = ALIGN (0x4)
 *(.rodata)
 *(.rodata*)
 .rodata.APBPrescTable
                0x08003ef8        0x8 CMakeFiles/Dual_Board_COM_RX.elf.dir/Core/Src/system_stm32f4xx.c.obj
                0x08003ef8                APBPrescTable
 .rodata.AHBPrescTable
                0x08003f00       0x10 CMakeFiles/Dual_Board_COM_RX.elf.dir/Core/Src/system_stm32f4xx.c.obj
                0x08003f00                AHBPrescTable
 .rodata.flagBitshiftOffset.0
                0x08003f10        0x8 CMakeFiles/Dual_Board_COM_RX.elf.dir/Drivers/STM32F4xx_HAL_Driver/Src/stm32f4xx_hal_dma.c.obj
                0x08003f18                        . = ALIGN (0x4)

.ARM.extab      0x08003f18       0x3c
                0x08003f18                        . = ALIGN (0x4)
 *(.ARM.extab* .gnu.linkonce.armextab.*)
 .ARM.extab.text.HAL_CAN_RxFifo0MsgPendingCallback
                0x08003f18        0xc CMakeFiles/Dual_Board_COM_RX.elf.dir/Core/Src/CAN_RX_Callback.cpp.obj
 .ARM.extab.text.HAL_GPIO_EXTI_Callback
                0x08003f24        0xc CMakeFiles/Dual_Board_COM_RX.elf.dir/Core/Src/exti_callback.cpp.obj
 .ARM.extab.text.HAL_TIM_PeriodElapsedCallback
                0x08003f30        0xc CMakeFiles/Dual_Board_COM_RX.elf.dir/Core/Src/tim_callback.cpp.obj
 .ARM.extab     0x08003f3c       0x18 D:/STM32CubeCLT/STM32CubeCLT_1.16.0/GNU-tools-for-STM32/bin/../lib/gcc/arm-none-eabi/12.3.1/thumb/v7e-m/nofp\libgcc.a(pr-support.o)
                0x08003f54                        . = ALIGN (0x4)

.ARM            0x08003f54       0xf0
                0x08003f54                        . = ALIGN (0x4)
                0x08003f54                        __exidx_start = .
 *(.ARM.exidx*)
 .ARM.exidx     0x08003f54        0x8 D:/STM32CubeCLT/STM32CubeCLT_1.16.0/GNU-tools-for-STM32/bin/../lib/gcc/arm-none-eabi/12.3.1/thumb/v7e-m/nofp\libgcc.a(_udivmoddi4.o)
 .ARM.exidx     0x08003f5c       0x78 D:/STM32CubeCLT/STM32CubeCLT_1.16.0/GNU-tools-for-STM32/bin/../lib/gcc/arm-none-eabi/12.3.1/thumb/v7e-m/nofp\libgcc.a(unwind-arm.o)
                                 0xd8 (size before relaxing)
 .ARM.exidx     0x08003fd4       0x38 D:/STM32CubeCLT/STM32CubeCLT_1.16.0/GNU-tools-for-STM32/bin/../lib/gcc/arm-none-eabi/12.3.1/thumb/v7e-m/nofp\libgcc.a(pr-support.o)
 .ARM.exidx.text.HAL_CAN_RxFifo0MsgPendingCallback
                0x0800400c       0x10 CMakeFiles/Dual_Board_COM_RX.elf.dir/Core/Src/CAN_RX_Callback.cpp.obj
                                  0x8 (size before relaxing)
 .ARM.exidx.text.HAL_GPIO_EXTI_Callback
                0x0800401c        0x8 CMakeFiles/Dual_Board_COM_RX.elf.dir/Core/Src/exti_callback.cpp.obj
 .ARM.exidx.text.HAL_UARTEx_RxEventCallback
                0x08004024       0x10 CMakeFiles/Dual_Board_COM_RX.elf.dir/Core/Src/exti_callback.cpp.obj
                                  0x8 (size before relaxing)
 .ARM.exidx.text.HAL_TIM_PeriodElapsedCallback
                0x08004034       0x10 CMakeFiles/Dual_Board_COM_RX.elf.dir/Core/Src/tim_callback.cpp.obj
                                  0x8 (size before relaxing)
                0x08004044                        __exidx_end = .
                0x08004044                        . = ALIGN (0x4)

.preinit_array  0x08004044        0x0
                0x08004044                        . = ALIGN (0x4)
                0x08004044                        PROVIDE (__preinit_array_start = .)
 *(.preinit_array*)
                0x08004044                        PROVIDE (__preinit_array_end = .)
                0x08004044                        . = ALIGN (0x4)

.init_array     0x08004044        0x8
                0x08004044                        . = ALIGN (0x4)
                0x08004044                        PROVIDE (__init_array_start = .)
 *(SORT_BY_NAME(.init_array.*))
 .init_array.00000
                0x08004044        0x4 D:/STM32CubeCLT/STM32CubeCLT_1.16.0/GNU-tools-for-STM32/bin/../lib/gcc/arm-none-eabi/12.3.1/../../../../arm-none-eabi/lib/thumb/v7e-m/nofp\libg.a(libc_a-__call_atexit.o)
 *(.init_array*)
 .init_array    0x08004048        0x4 D:/STM32CubeCLT/STM32CubeCLT_1.16.0/GNU-tools-for-STM32/bin/../lib/gcc/arm-none-eabi/12.3.1/thumb/v7e-m/nofp/crtbegin.o
                0x0800404c                        PROVIDE (__init_array_end = .)
                0x0800404c                        . = ALIGN (0x4)

.fini_array     0x0800404c        0x4
                0x0800404c                        . = ALIGN (0x4)
                0x0800404c                        PROVIDE (__fini_array_start = .)
 *(SORT_BY_NAME(.fini_array.*))
 *(.fini_array*)
 .fini_array    0x0800404c        0x4 D:/STM32CubeCLT/STM32CubeCLT_1.16.0/GNU-tools-for-STM32/bin/../lib/gcc/arm-none-eabi/12.3.1/thumb/v7e-m/nofp/crtbegin.o
                0x08004050                        PROVIDE (__fini_array_end = .)
                0x08004050                        . = ALIGN (0x4)
                0x08004050                        _sidata = LOADADDR (.data)

.rel.dyn        0x08004050        0x0
 .rel.iplt      0x08004050        0x0 D:/STM32CubeCLT/STM32CubeCLT_1.16.0/GNU-tools-for-STM32/bin/../lib/gcc/arm-none-eabi/12.3.1/thumb/v7e-m/nofp/crtbegin.o

.data           0x20000000      0x14c load address 0x08004050
                0x20000000                        . = ALIGN (0x4)
                0x20000000                        _sdata = .
 *(.data)
 *(.data*)
 .data.RxData   0x20000000        0x9 CMakeFiles/Dual_Board_COM_RX.elf.dir/Core/Src/exti_callback.cpp.obj
                0x20000000                RxData
 *fill*         0x20000009        0x3 
 .data.TxData   0x2000000c        0x8 CMakeFiles/Dual_Board_COM_RX.elf.dir/Core/Src/main.c.obj
                0x2000000c                TxData
 .data.SystemCoreClock
                0x20000014        0x4 CMakeFiles/Dual_Board_COM_RX.elf.dir/Core/Src/system_stm32f4xx.c.obj
                0x20000014                SystemCoreClock
 .data.uwTickFreq
                0x20000018        0x1 CMakeFiles/Dual_Board_COM_RX.elf.dir/Drivers/STM32F4xx_HAL_Driver/Src/stm32f4xx_hal.c.obj
                0x20000018                uwTickFreq
 *fill*         0x20000019        0x3 
 .data.uwTickPrio
                0x2000001c        0x4 CMakeFiles/Dual_Board_COM_RX.elf.dir/Drivers/STM32F4xx_HAL_Driver/Src/stm32f4xx_hal.c.obj
                0x2000001c                uwTickPrio
 .data._impure_ptr
                0x20000020        0x4 D:/STM32CubeCLT/STM32CubeCLT_1.16.0/GNU-tools-for-STM32/bin/../lib/gcc/arm-none-eabi/12.3.1/../../../../arm-none-eabi/lib/thumb/v7e-m/nofp\libg.a(libc_a-impure.o)
                0x20000020                _impure_ptr
 *fill*         0x20000024        0x4 
 .data._impure_data
                0x20000028      0x120 D:/STM32CubeCLT/STM32CubeCLT_1.16.0/GNU-tools-for-STM32/bin/../lib/gcc/arm-none-eabi/12.3.1/../../../../arm-none-eabi/lib/thumb/v7e-m/nofp\libg.a(libc_a-impure.o)
                0x20000028                _impure_data
 .data.__atexit_recursive_mutex
                0x20000148        0x4 D:/STM32CubeCLT/STM32CubeCLT_1.16.0/GNU-tools-for-STM32/bin/../lib/gcc/arm-none-eabi/12.3.1/../../../../arm-none-eabi/lib/thumb/v7e-m/nofp\libg.a(libc_a-__call_atexit.o)
                0x20000148                __atexit_recursive_mutex
 *(.RamFunc)
 *(.RamFunc*)
                0x2000014c                        . = ALIGN (0x4)
                0x2000014c                        _edata = .
                0x0800419c                        _siccmram = LOADADDR (.ccmram)

.igot.plt       0x2000014c        0x0 load address 0x0800419c
 .igot.plt      0x2000014c        0x0 D:/STM32CubeCLT/STM32CubeCLT_1.16.0/GNU-tools-for-STM32/bin/../lib/gcc/arm-none-eabi/12.3.1/thumb/v7e-m/nofp/crtbegin.o

.ccmram         0x10000000        0x0 load address 0x0800419c
                0x10000000                        . = ALIGN (0x4)
                0x10000000                        _sccmram = .
 *(.ccmram)
 *(.ccmram*)
                0x10000000                        . = ALIGN (0x4)
                0x10000000                        _eccmram = .
                0x10000000                        . = ALIGN (0x4)

.bss            0x2000014c      0x4d0
                0x2000014c                        _sbss = .
                0x2000014c                        __bss_start__ = _sbss
 *(.bss)
 .bss           0x2000014c       0x1c D:/STM32CubeCLT/STM32CubeCLT_1.16.0/GNU-tools-for-STM32/bin/../lib/gcc/arm-none-eabi/12.3.1/thumb/v7e-m/nofp/crtbegin.o
 *(.bss*)
 .bss.hcan1     0x20000168       0x28 CMakeFiles/Dual_Board_COM_RX.elf.dir/Core/Src/can.c.obj
                0x20000168                hcan1
 .bss.RxHeader  0x20000190       0x1c CMakeFiles/Dual_Board_COM_RX.elf.dir/Core/Src/main.c.obj
                0x20000190                RxHeader
 .bss.htim8     0x200001ac       0x48 CMakeFiles/Dual_Board_COM_RX.elf.dir/Core/Src/tim.c.obj
                0x200001ac                htim8
 .bss.htim1     0x200001f4       0x48 CMakeFiles/Dual_Board_COM_RX.elf.dir/Core/Src/tim.c.obj
                0x200001f4                htim1
 .bss.hdma_usart6_tx
                0x2000023c       0x60 CMakeFiles/Dual_Board_COM_RX.elf.dir/Core/Src/usart.c.obj
                0x2000023c                hdma_usart6_tx
 .bss.hdma_usart6_rx
                0x2000029c       0x60 CMakeFiles/Dual_Board_COM_RX.elf.dir/Core/Src/usart.c.obj
                0x2000029c                hdma_usart6_rx
 .bss.huart6    0x200002fc       0x48 CMakeFiles/Dual_Board_COM_RX.elf.dir/Core/Src/usart.c.obj
                0x200002fc                huart6
 .bss.uwTick    0x20000344        0x4 CMakeFiles/Dual_Board_COM_RX.elf.dir/Drivers/STM32F4xx_HAL_Driver/Src/stm32f4xx_hal.c.obj
                0x20000344                uwTick
 .bss.__sf      0x20000348      0x138 D:/STM32CubeCLT/STM32CubeCLT_1.16.0/GNU-tools-for-STM32/bin/../lib/gcc/arm-none-eabi/12.3.1/../../../../arm-none-eabi/lib/thumb/v7e-m/nofp\libg.a(libc_a-findfp.o)
                0x20000348                __sf
 .bss.errno     0x20000480        0x4 D:/STM32CubeCLT/STM32CubeCLT_1.16.0/GNU-tools-for-STM32/bin/../lib/gcc/arm-none-eabi/12.3.1/../../../../arm-none-eabi/lib/thumb/v7e-m/nofp\libg.a(libc_a-reent.o)
                0x20000480                errno
 .bss.__lock___atexit_recursive_mutex
                0x20000484        0x1 D:/STM32CubeCLT/STM32CubeCLT_1.16.0/GNU-tools-for-STM32/bin/../lib/gcc/arm-none-eabi/12.3.1/../../../../arm-none-eabi/lib/thumb/v7e-m/nofp\libg.a(libc_a-lock.o)
                0x20000484                __lock___atexit_recursive_mutex
 *fill*         0x20000485        0x3 
 .bss.__atexit  0x20000488        0x4 D:/STM32CubeCLT/STM32CubeCLT_1.16.0/GNU-tools-for-STM32/bin/../lib/gcc/arm-none-eabi/12.3.1/../../../../arm-none-eabi/lib/thumb/v7e-m/nofp\libg.a(libc_a-__call_atexit.o)
                0x20000488                __atexit
 .bss.__atexit0
                0x2000048c      0x190 D:/STM32CubeCLT/STM32CubeCLT_1.16.0/GNU-tools-for-STM32/bin/../lib/gcc/arm-none-eabi/12.3.1/../../../../arm-none-eabi/lib/thumb/v7e-m/nofp\libg.a(libc_a-__atexit.o)
                0x2000048c                __atexit0
 *(COMMON)
                0x2000061c                        . = ALIGN (0x4)
                0x2000061c                        _ebss = .
                0x2000061c                        __bss_end__ = _ebss

._user_heap_stack
                0x2000061c      0x604
                0x20000620                        . = ALIGN (0x8)
 *fill*         0x2000061c        0x4 
                [!provide]                        PROVIDE (end = .)
                0x20000620                        PROVIDE (_end = .)
                0x20000820                        . = (. + _Min_Heap_Size)
 *fill*         0x20000620      0x200 
                0x20000c20                        . = (. + _Min_Stack_Size)
 *fill*         0x20000820      0x400 
                0x20000c20                        . = ALIGN (0x8)

/DISCARD/
 libc.a(*)
 libm.a(*)
 libgcc.a(*)

.ARM.attributes
                0x00000000       0x2a
 *(.ARM.attributes)
 .ARM.attributes
                0x00000000       0x1e D:/STM32CubeCLT/STM32CubeCLT_1.16.0/GNU-tools-for-STM32/bin/../lib/gcc/arm-none-eabi/12.3.1/thumb/v7e-m/nofp/crti.o
 .ARM.attributes
                0x0000001e       0x2e D:/STM32CubeCLT/STM32CubeCLT_1.16.0/GNU-tools-for-STM32/bin/../lib/gcc/arm-none-eabi/12.3.1/thumb/v7e-m/nofp/crtbegin.o
 .ARM.attributes
                0x0000004c       0x2e CMakeFiles/Dual_Board_COM_RX.elf.dir/Core/Src/CAN_RX_Callback.cpp.obj
 .ARM.attributes
                0x0000007a       0x2e CMakeFiles/Dual_Board_COM_RX.elf.dir/Core/Src/can.c.obj
 .ARM.attributes
                0x000000a8       0x2e CMakeFiles/Dual_Board_COM_RX.elf.dir/Core/Src/dma.c.obj
 .ARM.attributes
                0x000000d6       0x2e CMakeFiles/Dual_Board_COM_RX.elf.dir/Core/Src/exti_callback.cpp.obj
 .ARM.attributes
                0x00000104       0x2e CMakeFiles/Dual_Board_COM_RX.elf.dir/Core/Src/gpio.c.obj
 .ARM.attributes
                0x00000132       0x2e CMakeFiles/Dual_Board_COM_RX.elf.dir/Core/Src/main.c.obj
 .ARM.attributes
                0x00000160       0x2e CMakeFiles/Dual_Board_COM_RX.elf.dir/Core/Src/stm32f4xx_hal_msp.c.obj
 .ARM.attributes
                0x0000018e       0x2e CMakeFiles/Dual_Board_COM_RX.elf.dir/Core/Src/stm32f4xx_it.c.obj
 .ARM.attributes
                0x000001bc       0x2e CMakeFiles/Dual_Board_COM_RX.elf.dir/Core/Src/syscalls.c.obj
 .ARM.attributes
                0x000001ea       0x2e CMakeFiles/Dual_Board_COM_RX.elf.dir/Core/Src/system_stm32f4xx.c.obj
 .ARM.attributes
                0x00000218       0x2e CMakeFiles/Dual_Board_COM_RX.elf.dir/Core/Src/tim.c.obj
 .ARM.attributes
                0x00000246       0x2e CMakeFiles/Dual_Board_COM_RX.elf.dir/Core/Src/tim_callback.cpp.obj
 .ARM.attributes
                0x00000274       0x2e CMakeFiles/Dual_Board_COM_RX.elf.dir/Core/Src/usart.c.obj
 .ARM.attributes
                0x000002a2       0x21 CMakeFiles/Dual_Board_COM_RX.elf.dir/Core/Startup/startup_stm32f427iihx.s.obj
 .ARM.attributes
                0x000002c3       0x2e CMakeFiles/Dual_Board_COM_RX.elf.dir/Drivers/STM32F4xx_HAL_Driver/Src/stm32f4xx_hal.c.obj
 .ARM.attributes
                0x000002f1       0x2e CMakeFiles/Dual_Board_COM_RX.elf.dir/Drivers/STM32F4xx_HAL_Driver/Src/stm32f4xx_hal_can.c.obj
 .ARM.attributes
                0x0000031f       0x2e CMakeFiles/Dual_Board_COM_RX.elf.dir/Drivers/STM32F4xx_HAL_Driver/Src/stm32f4xx_hal_cortex.c.obj
 .ARM.attributes
                0x0000034d       0x2e CMakeFiles/Dual_Board_COM_RX.elf.dir/Drivers/STM32F4xx_HAL_Driver/Src/stm32f4xx_hal_dma.c.obj
 .ARM.attributes
                0x0000037b       0x2e CMakeFiles/Dual_Board_COM_RX.elf.dir/Drivers/STM32F4xx_HAL_Driver/Src/stm32f4xx_hal_gpio.c.obj
 .ARM.attributes
                0x000003a9       0x2e CMakeFiles/Dual_Board_COM_RX.elf.dir/Drivers/STM32F4xx_HAL_Driver/Src/stm32f4xx_hal_pwr_ex.c.obj
 .ARM.attributes
                0x000003d7       0x2e CMakeFiles/Dual_Board_COM_RX.elf.dir/Drivers/STM32F4xx_HAL_Driver/Src/stm32f4xx_hal_rcc.c.obj
 .ARM.attributes
                0x00000405       0x2e CMakeFiles/Dual_Board_COM_RX.elf.dir/Drivers/STM32F4xx_HAL_Driver/Src/stm32f4xx_hal_tim.c.obj
 .ARM.attributes
                0x00000433       0x2e CMakeFiles/Dual_Board_COM_RX.elf.dir/Drivers/STM32F4xx_HAL_Driver/Src/stm32f4xx_hal_tim_ex.c.obj
 .ARM.attributes
                0x00000461       0x2e CMakeFiles/Dual_Board_COM_RX.elf.dir/Drivers/STM32F4xx_HAL_Driver/Src/stm32f4xx_hal_uart.c.obj
 .ARM.attributes
                0x0000048f       0x1e D:/STM32CubeCLT/STM32CubeCLT_1.16.0/GNU-tools-for-STM32/bin/../lib/gcc/arm-none-eabi/12.3.1/thumb/v7e-m/nofp\libgcc.a(_aeabi_uldivmod.o)
 .ARM.attributes
                0x000004ad       0x2e D:/STM32CubeCLT/STM32CubeCLT_1.16.0/GNU-tools-for-STM32/bin/../lib/gcc/arm-none-eabi/12.3.1/thumb/v7e-m/nofp\libgcc.a(_udivmoddi4.o)
 .ARM.attributes
                0x000004db       0x2e D:/STM32CubeCLT/STM32CubeCLT_1.16.0/GNU-tools-for-STM32/bin/../lib/gcc/arm-none-eabi/12.3.1/thumb/v7e-m/nofp\libgcc.a(unwind-arm.o)
 .ARM.attributes
                0x00000509       0x1e D:/STM32CubeCLT/STM32CubeCLT_1.16.0/GNU-tools-for-STM32/bin/../lib/gcc/arm-none-eabi/12.3.1/thumb/v7e-m/nofp\libgcc.a(libunwind.o)
 .ARM.attributes
                0x00000527       0x2e D:/STM32CubeCLT/STM32CubeCLT_1.16.0/GNU-tools-for-STM32/bin/../lib/gcc/arm-none-eabi/12.3.1/thumb/v7e-m/nofp\libgcc.a(pr-support.o)
 .ARM.attributes
                0x00000555       0x1e D:/STM32CubeCLT/STM32CubeCLT_1.16.0/GNU-tools-for-STM32/bin/../lib/gcc/arm-none-eabi/12.3.1/thumb/v7e-m/nofp\libgcc.a(_dvmd_tls.o)
 .ARM.attributes
                0x00000573       0x2e D:/STM32CubeCLT/STM32CubeCLT_1.16.0/GNU-tools-for-STM32/bin/../lib/gcc/arm-none-eabi/12.3.1/../../../../arm-none-eabi/lib/thumb/v7e-m/nofp\libg.a(libc_a-abort.o)
 .ARM.attributes
                0x000005a1       0x2e D:/STM32CubeCLT/STM32CubeCLT_1.16.0/GNU-tools-for-STM32/bin/../lib/gcc/arm-none-eabi/12.3.1/../../../../arm-none-eabi/lib/thumb/v7e-m/nofp\libg.a(libc_a-findfp.o)
 .ARM.attributes
                0x000005cf       0x2e D:/STM32CubeCLT/STM32CubeCLT_1.16.0/GNU-tools-for-STM32/bin/../lib/gcc/arm-none-eabi/12.3.1/../../../../arm-none-eabi/lib/thumb/v7e-m/nofp\libg.a(libc_a-memset.o)
 .ARM.attributes
                0x000005fd       0x2e D:/STM32CubeCLT/STM32CubeCLT_1.16.0/GNU-tools-for-STM32/bin/../lib/gcc/arm-none-eabi/12.3.1/../../../../arm-none-eabi/lib/thumb/v7e-m/nofp\libg.a(libc_a-signal.o)
 .ARM.attributes
                0x0000062b       0x2e D:/STM32CubeCLT/STM32CubeCLT_1.16.0/GNU-tools-for-STM32/bin/../lib/gcc/arm-none-eabi/12.3.1/../../../../arm-none-eabi/lib/thumb/v7e-m/nofp\libg.a(libc_a-reent.o)
 .ARM.attributes
                0x00000659       0x2e D:/STM32CubeCLT/STM32CubeCLT_1.16.0/GNU-tools-for-STM32/bin/../lib/gcc/arm-none-eabi/12.3.1/../../../../arm-none-eabi/lib/thumb/v7e-m/nofp\libg.a(libc_a-impure.o)
 .ARM.attributes
                0x00000687       0x2e D:/STM32CubeCLT/STM32CubeCLT_1.16.0/GNU-tools-for-STM32/bin/../lib/gcc/arm-none-eabi/12.3.1/../../../../arm-none-eabi/lib/thumb/v7e-m/nofp\libg.a(libc_a-signalr.o)
 .ARM.attributes
                0x000006b5       0x2e D:/STM32CubeCLT/STM32CubeCLT_1.16.0/GNU-tools-for-STM32/bin/../lib/gcc/arm-none-eabi/12.3.1/../../../../arm-none-eabi/lib/thumb/v7e-m/nofp\libg.a(libc_a-errno.o)
 .ARM.attributes
                0x000006e3       0x2e D:/STM32CubeCLT/STM32CubeCLT_1.16.0/GNU-tools-for-STM32/bin/../lib/gcc/arm-none-eabi/12.3.1/../../../../arm-none-eabi/lib/thumb/v7e-m/nofp\libg.a(libc_a-init.o)
 .ARM.attributes
                0x00000711       0x2e D:/STM32CubeCLT/STM32CubeCLT_1.16.0/GNU-tools-for-STM32/bin/../lib/gcc/arm-none-eabi/12.3.1/../../../../arm-none-eabi/lib/thumb/v7e-m/nofp\libg.a(libc_a-lock.o)
 .ARM.attributes
                0x0000073f       0x2e D:/STM32CubeCLT/STM32CubeCLT_1.16.0/GNU-tools-for-STM32/bin/../lib/gcc/arm-none-eabi/12.3.1/../../../../arm-none-eabi/lib/thumb/v7e-m/nofp\libg.a(libc_a-memcpy-stub.o)
 .ARM.attributes
                0x0000076d       0x2e D:/STM32CubeCLT/STM32CubeCLT_1.16.0/GNU-tools-for-STM32/bin/../lib/gcc/arm-none-eabi/12.3.1/../../../../arm-none-eabi/lib/thumb/v7e-m/nofp\libg.a(libc_a-__call_atexit.o)
 .ARM.attributes
                0x0000079b       0x2e D:/STM32CubeCLT/STM32CubeCLT_1.16.0/GNU-tools-for-STM32/bin/../lib/gcc/arm-none-eabi/12.3.1/../../../../arm-none-eabi/lib/thumb/v7e-m/nofp\libg.a(libc_a-atexit.o)
 .ARM.attributes
                0x000007c9       0x2e D:/STM32CubeCLT/STM32CubeCLT_1.16.0/GNU-tools-for-STM32/bin/../lib/gcc/arm-none-eabi/12.3.1/../../../../arm-none-eabi/lib/thumb/v7e-m/nofp\libg.a(libc_a-fini.o)
 .ARM.attributes
                0x000007f7       0x2e D:/STM32CubeCLT/STM32CubeCLT_1.16.0/GNU-tools-for-STM32/bin/../lib/gcc/arm-none-eabi/12.3.1/../../../../arm-none-eabi/lib/thumb/v7e-m/nofp\libg.a(libc_a-__atexit.o)
 .ARM.attributes
                0x00000825       0x1e D:/STM32CubeCLT/STM32CubeCLT_1.16.0/GNU-tools-for-STM32/bin/../lib/gcc/arm-none-eabi/12.3.1/thumb/v7e-m/nofp/crtn.o
OUTPUT(Dual_Board_COM_RX.elf elf32-littlearm)
LOAD linker stubs
LOAD D:/STM32CubeCLT/STM32CubeCLT_1.16.0/GNU-tools-for-STM32/bin/../lib/gcc/arm-none-eabi/12.3.1/../../../../arm-none-eabi/lib/thumb/v7e-m/nofp\libc.a
LOAD D:/STM32CubeCLT/STM32CubeCLT_1.16.0/GNU-tools-for-STM32/bin/../lib/gcc/arm-none-eabi/12.3.1/../../../../arm-none-eabi/lib/thumb/v7e-m/nofp\libm.a
LOAD D:/STM32CubeCLT/STM32CubeCLT_1.16.0/GNU-tools-for-STM32/bin/../lib/gcc/arm-none-eabi/12.3.1/thumb/v7e-m/nofp\libgcc.a

.debug_info     0x00000000    0x1a63b
 .debug_info    0x00000000      0x6b9 CMakeFiles/Dual_Board_COM_RX.elf.dir/Core/Src/CAN_RX_Callback.cpp.obj
 .debug_info    0x000006b9      0xc2c CMakeFiles/Dual_Board_COM_RX.elf.dir/Core/Src/can.c.obj
 .debug_info    0x000012e5      0x553 CMakeFiles/Dual_Board_COM_RX.elf.dir/Core/Src/dma.c.obj
 .debug_info    0x00001838      0x89a CMakeFiles/Dual_Board_COM_RX.elf.dir/Core/Src/exti_callback.cpp.obj
 .debug_info    0x000020d2      0x79e CMakeFiles/Dual_Board_COM_RX.elf.dir/Core/Src/gpio.c.obj
 .debug_info    0x00002870     0x14a2 CMakeFiles/Dual_Board_COM_RX.elf.dir/Core/Src/main.c.obj
 .debug_info    0x00003d12      0x27d CMakeFiles/Dual_Board_COM_RX.elf.dir/Core/Src/stm32f4xx_hal_msp.c.obj
 .debug_info    0x00003f8f      0xcc1 CMakeFiles/Dual_Board_COM_RX.elf.dir/Core/Src/stm32f4xx_it.c.obj
 .debug_info    0x00004c50      0x783 CMakeFiles/Dual_Board_COM_RX.elf.dir/Core/Src/syscalls.c.obj
 .debug_info    0x000053d3      0x34c CMakeFiles/Dual_Board_COM_RX.elf.dir/Core/Src/system_stm32f4xx.c.obj
 .debug_info    0x0000571f     0x1178 CMakeFiles/Dual_Board_COM_RX.elf.dir/Core/Src/tim.c.obj
 .debug_info    0x00006897      0x767 CMakeFiles/Dual_Board_COM_RX.elf.dir/Core/Src/tim_callback.cpp.obj
 .debug_info    0x00006ffe      0xa38 CMakeFiles/Dual_Board_COM_RX.elf.dir/Core/Src/usart.c.obj
 .debug_info    0x00007a36       0x30 CMakeFiles/Dual_Board_COM_RX.elf.dir/Core/Startup/startup_stm32f427iihx.s.obj
 .debug_info    0x00007a66      0xa4c CMakeFiles/Dual_Board_COM_RX.elf.dir/Drivers/STM32F4xx_HAL_Driver/Src/stm32f4xx_hal.c.obj
 .debug_info    0x000084b2     0x11f0 CMakeFiles/Dual_Board_COM_RX.elf.dir/Drivers/STM32F4xx_HAL_Driver/Src/stm32f4xx_hal_can.c.obj
 .debug_info    0x000096a2      0xfe5 CMakeFiles/Dual_Board_COM_RX.elf.dir/Drivers/STM32F4xx_HAL_Driver/Src/stm32f4xx_hal_cortex.c.obj
 .debug_info    0x0000a687      0xad9 CMakeFiles/Dual_Board_COM_RX.elf.dir/Drivers/STM32F4xx_HAL_Driver/Src/stm32f4xx_hal_dma.c.obj
 .debug_info    0x0000b160      0x71c CMakeFiles/Dual_Board_COM_RX.elf.dir/Drivers/STM32F4xx_HAL_Driver/Src/stm32f4xx_hal_gpio.c.obj
 .debug_info    0x0000b87c      0x78a CMakeFiles/Dual_Board_COM_RX.elf.dir/Drivers/STM32F4xx_HAL_Driver/Src/stm32f4xx_hal_pwr_ex.c.obj
 .debug_info    0x0000c006      0xa85 CMakeFiles/Dual_Board_COM_RX.elf.dir/Drivers/STM32F4xx_HAL_Driver/Src/stm32f4xx_hal_rcc.c.obj
 .debug_info    0x0000ca8b     0x3be0 CMakeFiles/Dual_Board_COM_RX.elf.dir/Drivers/STM32F4xx_HAL_Driver/Src/stm32f4xx_hal_tim.c.obj
 .debug_info    0x0001066b     0x1ac8 CMakeFiles/Dual_Board_COM_RX.elf.dir/Drivers/STM32F4xx_HAL_Driver/Src/stm32f4xx_hal_tim_ex.c.obj
 .debug_info    0x00012133     0x3fcf CMakeFiles/Dual_Board_COM_RX.elf.dir/Drivers/STM32F4xx_HAL_Driver/Src/stm32f4xx_hal_uart.c.obj
 .debug_info    0x00016102       0xd8 D:/STM32CubeCLT/STM32CubeCLT_1.16.0/GNU-tools-for-STM32/bin/../lib/gcc/arm-none-eabi/12.3.1/../../../../arm-none-eabi/lib/thumb/v7e-m/nofp\libg.a(libc_a-abort.o)
 .debug_info    0x000161da      0xfc5 D:/STM32CubeCLT/STM32CubeCLT_1.16.0/GNU-tools-for-STM32/bin/../lib/gcc/arm-none-eabi/12.3.1/../../../../arm-none-eabi/lib/thumb/v7e-m/nofp\libg.a(libc_a-findfp.o)
 .debug_info    0x0001719f       0xe0 D:/STM32CubeCLT/STM32CubeCLT_1.16.0/GNU-tools-for-STM32/bin/../lib/gcc/arm-none-eabi/12.3.1/../../../../arm-none-eabi/lib/thumb/v7e-m/nofp\libg.a(libc_a-memset.o)
 .debug_info    0x0001727f      0xa0d D:/STM32CubeCLT/STM32CubeCLT_1.16.0/GNU-tools-for-STM32/bin/../lib/gcc/arm-none-eabi/12.3.1/../../../../arm-none-eabi/lib/thumb/v7e-m/nofp\libg.a(libc_a-signal.o)
 .debug_info    0x00017c8c      0x7e7 D:/STM32CubeCLT/STM32CubeCLT_1.16.0/GNU-tools-for-STM32/bin/../lib/gcc/arm-none-eabi/12.3.1/../../../../arm-none-eabi/lib/thumb/v7e-m/nofp\libg.a(libc_a-reent.o)
 .debug_info    0x00018473      0x733 D:/STM32CubeCLT/STM32CubeCLT_1.16.0/GNU-tools-for-STM32/bin/../lib/gcc/arm-none-eabi/12.3.1/../../../../arm-none-eabi/lib/thumb/v7e-m/nofp\libg.a(libc_a-impure.o)
 .debug_info    0x00018ba6      0x7fb D:/STM32CubeCLT/STM32CubeCLT_1.16.0/GNU-tools-for-STM32/bin/../lib/gcc/arm-none-eabi/12.3.1/../../../../arm-none-eabi/lib/thumb/v7e-m/nofp\libg.a(libc_a-signalr.o)
 .debug_info    0x000193a1      0x719 D:/STM32CubeCLT/STM32CubeCLT_1.16.0/GNU-tools-for-STM32/bin/../lib/gcc/arm-none-eabi/12.3.1/../../../../arm-none-eabi/lib/thumb/v7e-m/nofp\libg.a(libc_a-errno.o)
 .debug_info    0x00019aba      0x10b D:/STM32CubeCLT/STM32CubeCLT_1.16.0/GNU-tools-for-STM32/bin/../lib/gcc/arm-none-eabi/12.3.1/../../../../arm-none-eabi/lib/thumb/v7e-m/nofp\libg.a(libc_a-init.o)
 .debug_info    0x00019bc5      0x20a D:/STM32CubeCLT/STM32CubeCLT_1.16.0/GNU-tools-for-STM32/bin/../lib/gcc/arm-none-eabi/12.3.1/../../../../arm-none-eabi/lib/thumb/v7e-m/nofp\libg.a(libc_a-lock.o)
 .debug_info    0x00019dcf      0x121 D:/STM32CubeCLT/STM32CubeCLT_1.16.0/GNU-tools-for-STM32/bin/../lib/gcc/arm-none-eabi/12.3.1/../../../../arm-none-eabi/lib/thumb/v7e-m/nofp\libg.a(libc_a-memcpy-stub.o)
 .debug_info    0x00019ef0      0x2dd D:/STM32CubeCLT/STM32CubeCLT_1.16.0/GNU-tools-for-STM32/bin/../lib/gcc/arm-none-eabi/12.3.1/../../../../arm-none-eabi/lib/thumb/v7e-m/nofp\libg.a(libc_a-__call_atexit.o)
 .debug_info    0x0001a1cd      0x118 D:/STM32CubeCLT/STM32CubeCLT_1.16.0/GNU-tools-for-STM32/bin/../lib/gcc/arm-none-eabi/12.3.1/../../../../arm-none-eabi/lib/thumb/v7e-m/nofp\libg.a(libc_a-atexit.o)
 .debug_info    0x0001a2e5       0xf7 D:/STM32CubeCLT/STM32CubeCLT_1.16.0/GNU-tools-for-STM32/bin/../lib/gcc/arm-none-eabi/12.3.1/../../../../arm-none-eabi/lib/thumb/v7e-m/nofp\libg.a(libc_a-fini.o)
 .debug_info    0x0001a3dc      0x25f D:/STM32CubeCLT/STM32CubeCLT_1.16.0/GNU-tools-for-STM32/bin/../lib/gcc/arm-none-eabi/12.3.1/../../../../arm-none-eabi/lib/thumb/v7e-m/nofp\libg.a(libc_a-__atexit.o)

.debug_abbrev   0x00000000     0x482e
 .debug_abbrev  0x00000000      0x1bd CMakeFiles/Dual_Board_COM_RX.elf.dir/Core/Src/CAN_RX_Callback.cpp.obj
 .debug_abbrev  0x000001bd      0x23d CMakeFiles/Dual_Board_COM_RX.elf.dir/Core/Src/can.c.obj
 .debug_abbrev  0x000003fa      0x12b CMakeFiles/Dual_Board_COM_RX.elf.dir/Core/Src/dma.c.obj
 .debug_abbrev  0x00000525      0x1db CMakeFiles/Dual_Board_COM_RX.elf.dir/Core/Src/exti_callback.cpp.obj
 .debug_abbrev  0x00000700      0x186 CMakeFiles/Dual_Board_COM_RX.elf.dir/Core/Src/gpio.c.obj
 .debug_abbrev  0x00000886      0x288 CMakeFiles/Dual_Board_COM_RX.elf.dir/Core/Src/main.c.obj
 .debug_abbrev  0x00000b0e       0xd6 CMakeFiles/Dual_Board_COM_RX.elf.dir/Core/Src/stm32f4xx_hal_msp.c.obj
 .debug_abbrev  0x00000be4      0x226 CMakeFiles/Dual_Board_COM_RX.elf.dir/Core/Src/stm32f4xx_it.c.obj
 .debug_abbrev  0x00000e0a      0x1c1 CMakeFiles/Dual_Board_COM_RX.elf.dir/Core/Src/syscalls.c.obj
 .debug_abbrev  0x00000fcb      0x120 CMakeFiles/Dual_Board_COM_RX.elf.dir/Core/Src/system_stm32f4xx.c.obj
 .debug_abbrev  0x000010eb      0x24c CMakeFiles/Dual_Board_COM_RX.elf.dir/Core/Src/tim.c.obj
 .debug_abbrev  0x00001337      0x17e CMakeFiles/Dual_Board_COM_RX.elf.dir/Core/Src/tim_callback.cpp.obj
 .debug_abbrev  0x000014b5      0x224 CMakeFiles/Dual_Board_COM_RX.elf.dir/Core/Src/usart.c.obj
 .debug_abbrev  0x000016d9       0x24 CMakeFiles/Dual_Board_COM_RX.elf.dir/Core/Startup/startup_stm32f427iihx.s.obj
 .debug_abbrev  0x000016fd      0x240 CMakeFiles/Dual_Board_COM_RX.elf.dir/Drivers/STM32F4xx_HAL_Driver/Src/stm32f4xx_hal.c.obj
 .debug_abbrev  0x0000193d      0x27d CMakeFiles/Dual_Board_COM_RX.elf.dir/Drivers/STM32F4xx_HAL_Driver/Src/stm32f4xx_hal_can.c.obj
 .debug_abbrev  0x00001bba      0x391 CMakeFiles/Dual_Board_COM_RX.elf.dir/Drivers/STM32F4xx_HAL_Driver/Src/stm32f4xx_hal_cortex.c.obj
 .debug_abbrev  0x00001f4b      0x2c0 CMakeFiles/Dual_Board_COM_RX.elf.dir/Drivers/STM32F4xx_HAL_Driver/Src/stm32f4xx_hal_dma.c.obj
 .debug_abbrev  0x0000220b      0x202 CMakeFiles/Dual_Board_COM_RX.elf.dir/Drivers/STM32F4xx_HAL_Driver/Src/stm32f4xx_hal_gpio.c.obj
 .debug_abbrev  0x0000240d      0x1e6 CMakeFiles/Dual_Board_COM_RX.elf.dir/Drivers/STM32F4xx_HAL_Driver/Src/stm32f4xx_hal_pwr_ex.c.obj
 .debug_abbrev  0x000025f3      0x2c7 CMakeFiles/Dual_Board_COM_RX.elf.dir/Drivers/STM32F4xx_HAL_Driver/Src/stm32f4xx_hal_rcc.c.obj
 .debug_abbrev  0x000028ba      0x271 CMakeFiles/Dual_Board_COM_RX.elf.dir/Drivers/STM32F4xx_HAL_Driver/Src/stm32f4xx_hal_tim.c.obj
 .debug_abbrev  0x00002b2b      0x26f CMakeFiles/Dual_Board_COM_RX.elf.dir/Drivers/STM32F4xx_HAL_Driver/Src/stm32f4xx_hal_tim_ex.c.obj
 .debug_abbrev  0x00002d9a      0x32f CMakeFiles/Dual_Board_COM_RX.elf.dir/Drivers/STM32F4xx_HAL_Driver/Src/stm32f4xx_hal_uart.c.obj
 .debug_abbrev  0x000030c9       0x99 D:/STM32CubeCLT/STM32CubeCLT_1.16.0/GNU-tools-for-STM32/bin/../lib/gcc/arm-none-eabi/12.3.1/../../../../arm-none-eabi/lib/thumb/v7e-m/nofp\libg.a(libc_a-abort.o)
 .debug_abbrev  0x00003162      0x462 D:/STM32CubeCLT/STM32CubeCLT_1.16.0/GNU-tools-for-STM32/bin/../lib/gcc/arm-none-eabi/12.3.1/../../../../arm-none-eabi/lib/thumb/v7e-m/nofp\libg.a(libc_a-findfp.o)
 .debug_abbrev  0x000035c4       0x9e D:/STM32CubeCLT/STM32CubeCLT_1.16.0/GNU-tools-for-STM32/bin/../lib/gcc/arm-none-eabi/12.3.1/../../../../arm-none-eabi/lib/thumb/v7e-m/nofp\libg.a(libc_a-memset.o)
 .debug_abbrev  0x00003662      0x28a D:/STM32CubeCLT/STM32CubeCLT_1.16.0/GNU-tools-for-STM32/bin/../lib/gcc/arm-none-eabi/12.3.1/../../../../arm-none-eabi/lib/thumb/v7e-m/nofp\libg.a(libc_a-signal.o)
 .debug_abbrev  0x000038ec      0x229 D:/STM32CubeCLT/STM32CubeCLT_1.16.0/GNU-tools-for-STM32/bin/../lib/gcc/arm-none-eabi/12.3.1/../../../../arm-none-eabi/lib/thumb/v7e-m/nofp\libg.a(libc_a-reent.o)
 .debug_abbrev  0x00003b15      0x185 D:/STM32CubeCLT/STM32CubeCLT_1.16.0/GNU-tools-for-STM32/bin/../lib/gcc/arm-none-eabi/12.3.1/../../../../arm-none-eabi/lib/thumb/v7e-m/nofp\libg.a(libc_a-impure.o)
 .debug_abbrev  0x00003c9a      0x239 D:/STM32CubeCLT/STM32CubeCLT_1.16.0/GNU-tools-for-STM32/bin/../lib/gcc/arm-none-eabi/12.3.1/../../../../arm-none-eabi/lib/thumb/v7e-m/nofp\libg.a(libc_a-signalr.o)
 .debug_abbrev  0x00003ed3      0x19a D:/STM32CubeCLT/STM32CubeCLT_1.16.0/GNU-tools-for-STM32/bin/../lib/gcc/arm-none-eabi/12.3.1/../../../../arm-none-eabi/lib/thumb/v7e-m/nofp\libg.a(libc_a-errno.o)
 .debug_abbrev  0x0000406d       0xc9 D:/STM32CubeCLT/STM32CubeCLT_1.16.0/GNU-tools-for-STM32/bin/../lib/gcc/arm-none-eabi/12.3.1/../../../../arm-none-eabi/lib/thumb/v7e-m/nofp\libg.a(libc_a-init.o)
 .debug_abbrev  0x00004136      0x115 D:/STM32CubeCLT/STM32CubeCLT_1.16.0/GNU-tools-for-STM32/bin/../lib/gcc/arm-none-eabi/12.3.1/../../../../arm-none-eabi/lib/thumb/v7e-m/nofp\libg.a(libc_a-lock.o)
 .debug_abbrev  0x0000424b       0xc1 D:/STM32CubeCLT/STM32CubeCLT_1.16.0/GNU-tools-for-STM32/bin/../lib/gcc/arm-none-eabi/12.3.1/../../../../arm-none-eabi/lib/thumb/v7e-m/nofp\libg.a(libc_a-memcpy-stub.o)
 .debug_abbrev  0x0000430c      0x20c D:/STM32CubeCLT/STM32CubeCLT_1.16.0/GNU-tools-for-STM32/bin/../lib/gcc/arm-none-eabi/12.3.1/../../../../arm-none-eabi/lib/thumb/v7e-m/nofp\libg.a(libc_a-__call_atexit.o)
 .debug_abbrev  0x00004518       0xc1 D:/STM32CubeCLT/STM32CubeCLT_1.16.0/GNU-tools-for-STM32/bin/../lib/gcc/arm-none-eabi/12.3.1/../../../../arm-none-eabi/lib/thumb/v7e-m/nofp\libg.a(libc_a-atexit.o)
 .debug_abbrev  0x000045d9       0xcc D:/STM32CubeCLT/STM32CubeCLT_1.16.0/GNU-tools-for-STM32/bin/../lib/gcc/arm-none-eabi/12.3.1/../../../../arm-none-eabi/lib/thumb/v7e-m/nofp\libg.a(libc_a-fini.o)
 .debug_abbrev  0x000046a5      0x189 D:/STM32CubeCLT/STM32CubeCLT_1.16.0/GNU-tools-for-STM32/bin/../lib/gcc/arm-none-eabi/12.3.1/../../../../arm-none-eabi/lib/thumb/v7e-m/nofp\libg.a(libc_a-__atexit.o)

.debug_loclists
                0x00000000     0x9aa8
 .debug_loclists
                0x00000000       0x34 CMakeFiles/Dual_Board_COM_RX.elf.dir/Core/Src/CAN_RX_Callback.cpp.obj
 .debug_loclists
                0x00000034       0x5d CMakeFiles/Dual_Board_COM_RX.elf.dir/Core/Src/can.c.obj
 .debug_loclists
                0x00000091       0x51 CMakeFiles/Dual_Board_COM_RX.elf.dir/Core/Src/exti_callback.cpp.obj
 .debug_loclists
                0x000000e2      0x25b CMakeFiles/Dual_Board_COM_RX.elf.dir/Core/Src/syscalls.c.obj
 .debug_loclists
                0x0000033d       0xdb CMakeFiles/Dual_Board_COM_RX.elf.dir/Core/Src/system_stm32f4xx.c.obj
 .debug_loclists
                0x00000418       0x83 CMakeFiles/Dual_Board_COM_RX.elf.dir/Core/Src/tim.c.obj
 .debug_loclists
                0x0000049b       0x34 CMakeFiles/Dual_Board_COM_RX.elf.dir/Core/Src/tim_callback.cpp.obj
 .debug_loclists
                0x000004cf       0x50 CMakeFiles/Dual_Board_COM_RX.elf.dir/Core/Src/usart.c.obj
 .debug_loclists
                0x0000051f       0xc9 CMakeFiles/Dual_Board_COM_RX.elf.dir/Drivers/STM32F4xx_HAL_Driver/Src/stm32f4xx_hal.c.obj
 .debug_loclists
                0x000005e8      0x85b CMakeFiles/Dual_Board_COM_RX.elf.dir/Drivers/STM32F4xx_HAL_Driver/Src/stm32f4xx_hal_can.c.obj
 .debug_loclists
                0x00000e43      0x439 CMakeFiles/Dual_Board_COM_RX.elf.dir/Drivers/STM32F4xx_HAL_Driver/Src/stm32f4xx_hal_cortex.c.obj
 .debug_loclists
                0x0000127c      0x763 CMakeFiles/Dual_Board_COM_RX.elf.dir/Drivers/STM32F4xx_HAL_Driver/Src/stm32f4xx_hal_dma.c.obj
 .debug_loclists
                0x000019df      0x356 CMakeFiles/Dual_Board_COM_RX.elf.dir/Drivers/STM32F4xx_HAL_Driver/Src/stm32f4xx_hal_gpio.c.obj
 .debug_loclists
                0x00001d35      0x14e CMakeFiles/Dual_Board_COM_RX.elf.dir/Drivers/STM32F4xx_HAL_Driver/Src/stm32f4xx_hal_pwr_ex.c.obj
 .debug_loclists
                0x00001e83      0x3a9 CMakeFiles/Dual_Board_COM_RX.elf.dir/Drivers/STM32F4xx_HAL_Driver/Src/stm32f4xx_hal_rcc.c.obj
 .debug_loclists
                0x0000222c     0x3331 CMakeFiles/Dual_Board_COM_RX.elf.dir/Drivers/STM32F4xx_HAL_Driver/Src/stm32f4xx_hal_tim.c.obj
 .debug_loclists
                0x0000555d     0x129a CMakeFiles/Dual_Board_COM_RX.elf.dir/Drivers/STM32F4xx_HAL_Driver/Src/stm32f4xx_hal_tim_ex.c.obj
 .debug_loclists
                0x000067f7     0x29f1 CMakeFiles/Dual_Board_COM_RX.elf.dir/Drivers/STM32F4xx_HAL_Driver/Src/stm32f4xx_hal_uart.c.obj
 .debug_loclists
                0x000091e8      0x252 D:/STM32CubeCLT/STM32CubeCLT_1.16.0/GNU-tools-for-STM32/bin/../lib/gcc/arm-none-eabi/12.3.1/../../../../arm-none-eabi/lib/thumb/v7e-m/nofp\libg.a(libc_a-findfp.o)
 .debug_loclists
                0x0000943a       0x47 D:/STM32CubeCLT/STM32CubeCLT_1.16.0/GNU-tools-for-STM32/bin/../lib/gcc/arm-none-eabi/12.3.1/../../../../arm-none-eabi/lib/thumb/v7e-m/nofp\libg.a(libc_a-memset.o)
 .debug_loclists
                0x00009481      0x281 D:/STM32CubeCLT/STM32CubeCLT_1.16.0/GNU-tools-for-STM32/bin/../lib/gcc/arm-none-eabi/12.3.1/../../../../arm-none-eabi/lib/thumb/v7e-m/nofp\libg.a(libc_a-signal.o)
 .debug_loclists
                0x00009702       0x68 D:/STM32CubeCLT/STM32CubeCLT_1.16.0/GNU-tools-for-STM32/bin/../lib/gcc/arm-none-eabi/12.3.1/../../../../arm-none-eabi/lib/thumb/v7e-m/nofp\libg.a(libc_a-reent.o)
 .debug_loclists
                0x0000976a       0x81 D:/STM32CubeCLT/STM32CubeCLT_1.16.0/GNU-tools-for-STM32/bin/../lib/gcc/arm-none-eabi/12.3.1/../../../../arm-none-eabi/lib/thumb/v7e-m/nofp\libg.a(libc_a-signalr.o)
 .debug_loclists
                0x000097eb       0x44 D:/STM32CubeCLT/STM32CubeCLT_1.16.0/GNU-tools-for-STM32/bin/../lib/gcc/arm-none-eabi/12.3.1/../../../../arm-none-eabi/lib/thumb/v7e-m/nofp\libg.a(libc_a-init.o)
 .debug_loclists
                0x0000982f       0x23 D:/STM32CubeCLT/STM32CubeCLT_1.16.0/GNU-tools-for-STM32/bin/../lib/gcc/arm-none-eabi/12.3.1/../../../../arm-none-eabi/lib/thumb/v7e-m/nofp\libg.a(libc_a-lock.o)
 .debug_loclists
                0x00009852       0x8f D:/STM32CubeCLT/STM32CubeCLT_1.16.0/GNU-tools-for-STM32/bin/../lib/gcc/arm-none-eabi/12.3.1/../../../../arm-none-eabi/lib/thumb/v7e-m/nofp\libg.a(libc_a-memcpy-stub.o)
 .debug_loclists
                0x000098e1       0xd4 D:/STM32CubeCLT/STM32CubeCLT_1.16.0/GNU-tools-for-STM32/bin/../lib/gcc/arm-none-eabi/12.3.1/../../../../arm-none-eabi/lib/thumb/v7e-m/nofp\libg.a(libc_a-__call_atexit.o)
 .debug_loclists
                0x000099b5       0x2a D:/STM32CubeCLT/STM32CubeCLT_1.16.0/GNU-tools-for-STM32/bin/../lib/gcc/arm-none-eabi/12.3.1/../../../../arm-none-eabi/lib/thumb/v7e-m/nofp\libg.a(libc_a-atexit.o)
 .debug_loclists
                0x000099df       0x3b D:/STM32CubeCLT/STM32CubeCLT_1.16.0/GNU-tools-for-STM32/bin/../lib/gcc/arm-none-eabi/12.3.1/../../../../arm-none-eabi/lib/thumb/v7e-m/nofp\libg.a(libc_a-fini.o)
 .debug_loclists
                0x00009a1a       0x8e D:/STM32CubeCLT/STM32CubeCLT_1.16.0/GNU-tools-for-STM32/bin/../lib/gcc/arm-none-eabi/12.3.1/../../../../arm-none-eabi/lib/thumb/v7e-m/nofp\libg.a(libc_a-__atexit.o)

.debug_aranges  0x00000000     0x1258
 .debug_aranges
                0x00000000       0x20 CMakeFiles/Dual_Board_COM_RX.elf.dir/Core/Src/CAN_RX_Callback.cpp.obj
 .debug_aranges
                0x00000020       0x30 CMakeFiles/Dual_Board_COM_RX.elf.dir/Core/Src/can.c.obj
 .debug_aranges
                0x00000050       0x20 CMakeFiles/Dual_Board_COM_RX.elf.dir/Core/Src/dma.c.obj
 .debug_aranges
                0x00000070       0x28 CMakeFiles/Dual_Board_COM_RX.elf.dir/Core/Src/exti_callback.cpp.obj
 .debug_aranges
                0x00000098       0x20 CMakeFiles/Dual_Board_COM_RX.elf.dir/Core/Src/gpio.c.obj
 .debug_aranges
                0x000000b8       0x30 CMakeFiles/Dual_Board_COM_RX.elf.dir/Core/Src/main.c.obj
 .debug_aranges
                0x000000e8       0x20 CMakeFiles/Dual_Board_COM_RX.elf.dir/Core/Src/stm32f4xx_hal_msp.c.obj
 .debug_aranges
                0x00000108       0xd0 CMakeFiles/Dual_Board_COM_RX.elf.dir/Core/Src/stm32f4xx_it.c.obj
 .debug_aranges
                0x000001d8       0xa8 CMakeFiles/Dual_Board_COM_RX.elf.dir/Core/Src/syscalls.c.obj
 .debug_aranges
                0x00000280       0x28 CMakeFiles/Dual_Board_COM_RX.elf.dir/Core/Src/system_stm32f4xx.c.obj
 .debug_aranges
                0x000002a8       0x38 CMakeFiles/Dual_Board_COM_RX.elf.dir/Core/Src/tim.c.obj
 .debug_aranges
                0x000002e0       0x20 CMakeFiles/Dual_Board_COM_RX.elf.dir/Core/Src/tim_callback.cpp.obj
 .debug_aranges
                0x00000300       0x30 CMakeFiles/Dual_Board_COM_RX.elf.dir/Core/Src/usart.c.obj
 .debug_aranges
                0x00000330       0x28 CMakeFiles/Dual_Board_COM_RX.elf.dir/Core/Startup/startup_stm32f427iihx.s.obj
 .debug_aranges
                0x00000358      0x100 CMakeFiles/Dual_Board_COM_RX.elf.dir/Drivers/STM32F4xx_HAL_Driver/Src/stm32f4xx_hal.c.obj
 .debug_aranges
                0x00000458      0x138 CMakeFiles/Dual_Board_COM_RX.elf.dir/Drivers/STM32F4xx_HAL_Driver/Src/stm32f4xx_hal_can.c.obj
 .debug_aranges
                0x00000590       0xf8 CMakeFiles/Dual_Board_COM_RX.elf.dir/Drivers/STM32F4xx_HAL_Driver/Src/stm32f4xx_hal_cortex.c.obj
 .debug_aranges
                0x00000688       0x90 CMakeFiles/Dual_Board_COM_RX.elf.dir/Drivers/STM32F4xx_HAL_Driver/Src/stm32f4xx_hal_dma.c.obj
 .debug_aranges
                0x00000718       0x58 CMakeFiles/Dual_Board_COM_RX.elf.dir/Drivers/STM32F4xx_HAL_Driver/Src/stm32f4xx_hal_gpio.c.obj
 .debug_aranges
                0x00000770       0x60 CMakeFiles/Dual_Board_COM_RX.elf.dir/Drivers/STM32F4xx_HAL_Driver/Src/stm32f4xx_hal_pwr_ex.c.obj
 .debug_aranges
                0x000007d0       0x88 CMakeFiles/Dual_Board_COM_RX.elf.dir/Drivers/STM32F4xx_HAL_Driver/Src/stm32f4xx_hal_rcc.c.obj
 .debug_aranges
                0x00000858      0x3d0 CMakeFiles/Dual_Board_COM_RX.elf.dir/Drivers/STM32F4xx_HAL_Driver/Src/stm32f4xx_hal_tim.c.obj
 .debug_aranges
                0x00000c28      0x168 CMakeFiles/Dual_Board_COM_RX.elf.dir/Drivers/STM32F4xx_HAL_Driver/Src/stm32f4xx_hal_tim_ex.c.obj
 .debug_aranges
                0x00000d90      0x208 CMakeFiles/Dual_Board_COM_RX.elf.dir/Drivers/STM32F4xx_HAL_Driver/Src/stm32f4xx_hal_uart.c.obj
 .debug_aranges
                0x00000f98       0x20 D:/STM32CubeCLT/STM32CubeCLT_1.16.0/GNU-tools-for-STM32/bin/../lib/gcc/arm-none-eabi/12.3.1/../../../../arm-none-eabi/lib/thumb/v7e-m/nofp\libg.a(libc_a-abort.o)
 .debug_aranges
                0x00000fb8       0x78 D:/STM32CubeCLT/STM32CubeCLT_1.16.0/GNU-tools-for-STM32/bin/../lib/gcc/arm-none-eabi/12.3.1/../../../../arm-none-eabi/lib/thumb/v7e-m/nofp\libg.a(libc_a-findfp.o)
 .debug_aranges
                0x00001030       0x20 D:/STM32CubeCLT/STM32CubeCLT_1.16.0/GNU-tools-for-STM32/bin/../lib/gcc/arm-none-eabi/12.3.1/../../../../arm-none-eabi/lib/thumb/v7e-m/nofp\libg.a(libc_a-memset.o)
 .debug_aranges
                0x00001050       0x58 D:/STM32CubeCLT/STM32CubeCLT_1.16.0/GNU-tools-for-STM32/bin/../lib/gcc/arm-none-eabi/12.3.1/../../../../arm-none-eabi/lib/thumb/v7e-m/nofp\libg.a(libc_a-signal.o)
 .debug_aranges
                0x000010a8       0x20 D:/STM32CubeCLT/STM32CubeCLT_1.16.0/GNU-tools-for-STM32/bin/../lib/gcc/arm-none-eabi/12.3.1/../../../../arm-none-eabi/lib/thumb/v7e-m/nofp\libg.a(libc_a-reent.o)
 .debug_aranges
                0x000010c8       0x18 D:/STM32CubeCLT/STM32CubeCLT_1.16.0/GNU-tools-for-STM32/bin/../lib/gcc/arm-none-eabi/12.3.1/../../../../arm-none-eabi/lib/thumb/v7e-m/nofp\libg.a(libc_a-impure.o)
 .debug_aranges
                0x000010e0       0x28 D:/STM32CubeCLT/STM32CubeCLT_1.16.0/GNU-tools-for-STM32/bin/../lib/gcc/arm-none-eabi/12.3.1/../../../../arm-none-eabi/lib/thumb/v7e-m/nofp\libg.a(libc_a-signalr.o)
 .debug_aranges
                0x00001108       0x20 D:/STM32CubeCLT/STM32CubeCLT_1.16.0/GNU-tools-for-STM32/bin/../lib/gcc/arm-none-eabi/12.3.1/../../../../arm-none-eabi/lib/thumb/v7e-m/nofp\libg.a(libc_a-errno.o)
 .debug_aranges
                0x00001128       0x20 D:/STM32CubeCLT/STM32CubeCLT_1.16.0/GNU-tools-for-STM32/bin/../lib/gcc/arm-none-eabi/12.3.1/../../../../arm-none-eabi/lib/thumb/v7e-m/nofp\libg.a(libc_a-init.o)
 .debug_aranges
                0x00001148       0x68 D:/STM32CubeCLT/STM32CubeCLT_1.16.0/GNU-tools-for-STM32/bin/../lib/gcc/arm-none-eabi/12.3.1/../../../../arm-none-eabi/lib/thumb/v7e-m/nofp\libg.a(libc_a-lock.o)
 .debug_aranges
                0x000011b0       0x20 D:/STM32CubeCLT/STM32CubeCLT_1.16.0/GNU-tools-for-STM32/bin/../lib/gcc/arm-none-eabi/12.3.1/../../../../arm-none-eabi/lib/thumb/v7e-m/nofp\libg.a(libc_a-memcpy-stub.o)
 .debug_aranges
                0x000011d0       0x28 D:/STM32CubeCLT/STM32CubeCLT_1.16.0/GNU-tools-for-STM32/bin/../lib/gcc/arm-none-eabi/12.3.1/../../../../arm-none-eabi/lib/thumb/v7e-m/nofp\libg.a(libc_a-__call_atexit.o)
 .debug_aranges
                0x000011f8       0x20 D:/STM32CubeCLT/STM32CubeCLT_1.16.0/GNU-tools-for-STM32/bin/../lib/gcc/arm-none-eabi/12.3.1/../../../../arm-none-eabi/lib/thumb/v7e-m/nofp\libg.a(libc_a-atexit.o)
 .debug_aranges
                0x00001218       0x20 D:/STM32CubeCLT/STM32CubeCLT_1.16.0/GNU-tools-for-STM32/bin/../lib/gcc/arm-none-eabi/12.3.1/../../../../arm-none-eabi/lib/thumb/v7e-m/nofp\libg.a(libc_a-fini.o)
 .debug_aranges
                0x00001238       0x20 D:/STM32CubeCLT/STM32CubeCLT_1.16.0/GNU-tools-for-STM32/bin/../lib/gcc/arm-none-eabi/12.3.1/../../../../arm-none-eabi/lib/thumb/v7e-m/nofp\libg.a(libc_a-__atexit.o)

.debug_rnglists
                0x00000000      0xdd2
 .debug_rnglists
                0x00000000       0x13 CMakeFiles/Dual_Board_COM_RX.elf.dir/Core/Src/CAN_RX_Callback.cpp.obj
 .debug_rnglists
                0x00000013       0x20 CMakeFiles/Dual_Board_COM_RX.elf.dir/Core/Src/can.c.obj
 .debug_rnglists
                0x00000033       0x13 CMakeFiles/Dual_Board_COM_RX.elf.dir/Core/Src/dma.c.obj
 .debug_rnglists
                0x00000046       0x19 CMakeFiles/Dual_Board_COM_RX.elf.dir/Core/Src/exti_callback.cpp.obj
 .debug_rnglists
                0x0000005f       0x14 CMakeFiles/Dual_Board_COM_RX.elf.dir/Core/Src/gpio.c.obj
 .debug_rnglists
                0x00000073       0x21 CMakeFiles/Dual_Board_COM_RX.elf.dir/Core/Src/main.c.obj
 .debug_rnglists
                0x00000094       0x13 CMakeFiles/Dual_Board_COM_RX.elf.dir/Core/Src/stm32f4xx_hal_msp.c.obj
 .debug_rnglists
                0x000000a7       0x97 CMakeFiles/Dual_Board_COM_RX.elf.dir/Core/Src/stm32f4xx_it.c.obj
 .debug_rnglists
                0x0000013e       0x79 CMakeFiles/Dual_Board_COM_RX.elf.dir/Core/Src/syscalls.c.obj
 .debug_rnglists
                0x000001b7       0x1a CMakeFiles/Dual_Board_COM_RX.elf.dir/Core/Src/system_stm32f4xx.c.obj
 .debug_rnglists
                0x000001d1       0x26 CMakeFiles/Dual_Board_COM_RX.elf.dir/Core/Src/tim.c.obj
 .debug_rnglists
                0x000001f7       0x13 CMakeFiles/Dual_Board_COM_RX.elf.dir/Core/Src/tim_callback.cpp.obj
 .debug_rnglists
                0x0000020a       0x20 CMakeFiles/Dual_Board_COM_RX.elf.dir/Core/Src/usart.c.obj
 .debug_rnglists
                0x0000022a       0x19 CMakeFiles/Dual_Board_COM_RX.elf.dir/Core/Startup/startup_stm32f427iihx.s.obj
 .debug_rnglists
                0x00000243       0xbb CMakeFiles/Dual_Board_COM_RX.elf.dir/Drivers/STM32F4xx_HAL_Driver/Src/stm32f4xx_hal.c.obj
 .debug_rnglists
                0x000002fe       0xf6 CMakeFiles/Dual_Board_COM_RX.elf.dir/Drivers/STM32F4xx_HAL_Driver/Src/stm32f4xx_hal_can.c.obj
 .debug_rnglists
                0x000003f4       0xb5 CMakeFiles/Dual_Board_COM_RX.elf.dir/Drivers/STM32F4xx_HAL_Driver/Src/stm32f4xx_hal_cortex.c.obj
 .debug_rnglists
                0x000004a9       0x6c CMakeFiles/Dual_Board_COM_RX.elf.dir/Drivers/STM32F4xx_HAL_Driver/Src/stm32f4xx_hal_dma.c.obj
 .debug_rnglists
                0x00000515       0x3f CMakeFiles/Dual_Board_COM_RX.elf.dir/Drivers/STM32F4xx_HAL_Driver/Src/stm32f4xx_hal_gpio.c.obj
 .debug_rnglists
                0x00000554       0x44 CMakeFiles/Dual_Board_COM_RX.elf.dir/Drivers/STM32F4xx_HAL_Driver/Src/stm32f4xx_hal_pwr_ex.c.obj
 .debug_rnglists
                0x00000598       0x75 CMakeFiles/Dual_Board_COM_RX.elf.dir/Drivers/STM32F4xx_HAL_Driver/Src/stm32f4xx_hal_rcc.c.obj
 .debug_rnglists
                0x0000060d      0x302 CMakeFiles/Dual_Board_COM_RX.elf.dir/Drivers/STM32F4xx_HAL_Driver/Src/stm32f4xx_hal_tim.c.obj
 .debug_rnglists
                0x0000090f      0x11b CMakeFiles/Dual_Board_COM_RX.elf.dir/Drivers/STM32F4xx_HAL_Driver/Src/stm32f4xx_hal_tim_ex.c.obj
 .debug_rnglists
                0x00000a2a      0x1a1 CMakeFiles/Dual_Board_COM_RX.elf.dir/Drivers/STM32F4xx_HAL_Driver/Src/stm32f4xx_hal_uart.c.obj
 .debug_rnglists
                0x00000bcb       0x13 D:/STM32CubeCLT/STM32CubeCLT_1.16.0/GNU-tools-for-STM32/bin/../lib/gcc/arm-none-eabi/12.3.1/../../../../arm-none-eabi/lib/thumb/v7e-m/nofp\libg.a(libc_a-abort.o)
 .debug_rnglists
                0x00000bde       0x7a D:/STM32CubeCLT/STM32CubeCLT_1.16.0/GNU-tools-for-STM32/bin/../lib/gcc/arm-none-eabi/12.3.1/../../../../arm-none-eabi/lib/thumb/v7e-m/nofp\libg.a(libc_a-findfp.o)
 .debug_rnglists
                0x00000c58       0x13 D:/STM32CubeCLT/STM32CubeCLT_1.16.0/GNU-tools-for-STM32/bin/../lib/gcc/arm-none-eabi/12.3.1/../../../../arm-none-eabi/lib/thumb/v7e-m/nofp\libg.a(libc_a-memset.o)
 .debug_rnglists
                0x00000c6b       0x3d D:/STM32CubeCLT/STM32CubeCLT_1.16.0/GNU-tools-for-STM32/bin/../lib/gcc/arm-none-eabi/12.3.1/../../../../arm-none-eabi/lib/thumb/v7e-m/nofp\libg.a(libc_a-signal.o)
 .debug_rnglists
                0x00000ca8       0x2b D:/STM32CubeCLT/STM32CubeCLT_1.16.0/GNU-tools-for-STM32/bin/../lib/gcc/arm-none-eabi/12.3.1/../../../../arm-none-eabi/lib/thumb/v7e-m/nofp\libg.a(libc_a-reent.o)
 .debug_rnglists
                0x00000cd3       0x19 D:/STM32CubeCLT/STM32CubeCLT_1.16.0/GNU-tools-for-STM32/bin/../lib/gcc/arm-none-eabi/12.3.1/../../../../arm-none-eabi/lib/thumb/v7e-m/nofp\libg.a(libc_a-signalr.o)
 .debug_rnglists
                0x00000cec       0x13 D:/STM32CubeCLT/STM32CubeCLT_1.16.0/GNU-tools-for-STM32/bin/../lib/gcc/arm-none-eabi/12.3.1/../../../../arm-none-eabi/lib/thumb/v7e-m/nofp\libg.a(libc_a-errno.o)
 .debug_rnglists
                0x00000cff       0x13 D:/STM32CubeCLT/STM32CubeCLT_1.16.0/GNU-tools-for-STM32/bin/../lib/gcc/arm-none-eabi/12.3.1/../../../../arm-none-eabi/lib/thumb/v7e-m/nofp\libg.a(libc_a-init.o)
 .debug_rnglists
                0x00000d12       0x49 D:/STM32CubeCLT/STM32CubeCLT_1.16.0/GNU-tools-for-STM32/bin/../lib/gcc/arm-none-eabi/12.3.1/../../../../arm-none-eabi/lib/thumb/v7e-m/nofp\libg.a(libc_a-lock.o)
 .debug_rnglists
                0x00000d5b       0x13 D:/STM32CubeCLT/STM32CubeCLT_1.16.0/GNU-tools-for-STM32/bin/../lib/gcc/arm-none-eabi/12.3.1/../../../../arm-none-eabi/lib/thumb/v7e-m/nofp\libg.a(libc_a-memcpy-stub.o)
 .debug_rnglists
                0x00000d6e       0x2a D:/STM32CubeCLT/STM32CubeCLT_1.16.0/GNU-tools-for-STM32/bin/../lib/gcc/arm-none-eabi/12.3.1/../../../../arm-none-eabi/lib/thumb/v7e-m/nofp\libg.a(libc_a-__call_atexit.o)
 .debug_rnglists
                0x00000d98       0x13 D:/STM32CubeCLT/STM32CubeCLT_1.16.0/GNU-tools-for-STM32/bin/../lib/gcc/arm-none-eabi/12.3.1/../../../../arm-none-eabi/lib/thumb/v7e-m/nofp\libg.a(libc_a-atexit.o)
 .debug_rnglists
                0x00000dab       0x13 D:/STM32CubeCLT/STM32CubeCLT_1.16.0/GNU-tools-for-STM32/bin/../lib/gcc/arm-none-eabi/12.3.1/../../../../arm-none-eabi/lib/thumb/v7e-m/nofp\libg.a(libc_a-fini.o)
 .debug_rnglists
                0x00000dbe       0x14 D:/STM32CubeCLT/STM32CubeCLT_1.16.0/GNU-tools-for-STM32/bin/../lib/gcc/arm-none-eabi/12.3.1/../../../../arm-none-eabi/lib/thumb/v7e-m/nofp\libg.a(libc_a-__atexit.o)

.debug_line     0x00000000    0x1468c
 .debug_line    0x00000000      0x2ea CMakeFiles/Dual_Board_COM_RX.elf.dir/Core/Src/CAN_RX_Callback.cpp.obj
 .debug_line    0x000002ea      0x3f1 CMakeFiles/Dual_Board_COM_RX.elf.dir/Core/Src/can.c.obj
 .debug_line    0x000006db      0x255 CMakeFiles/Dual_Board_COM_RX.elf.dir/Core/Src/dma.c.obj
 .debug_line    0x00000930      0x30a CMakeFiles/Dual_Board_COM_RX.elf.dir/Core/Src/exti_callback.cpp.obj
 .debug_line    0x00000c3a      0x2ef CMakeFiles/Dual_Board_COM_RX.elf.dir/Core/Src/gpio.c.obj